Component: ARM Compiler 5.06 update 4 (build 422) Tool: armlink [4d35d2]

==============================================================================

Section Cross References

    main.o(i.assert_nrf_callback) refers to app_error.o(i.app_error_handler) for app_error_handler
    main.o(i.ble_evt_dispatch) refers to ble_conn_state.o(i.ble_conn_state_on_ble_evt) for ble_conn_state_on_ble_evt
    main.o(i.ble_evt_dispatch) refers to main.o(i.on_ble_evt) for on_ble_evt
    main.o(i.ble_evt_dispatch) refers to ble_db_discovery.o(i.ble_db_discovery_on_ble_evt) for ble_db_discovery_on_ble_evt
    main.o(i.ble_evt_dispatch) refers to ble_lbs_c.o(i.ble_lbs_c_on_ble_evt) for ble_lbs_c_on_ble_evt
    main.o(i.ble_evt_dispatch) refers to main.o(.bss) for .bss
    main.o(i.ble_stack_init) refers to softdevice_handler.o(i.softdevice_handler_init) for softdevice_handler_init
    main.o(i.ble_stack_init) refers to app_error.o(i.app_error_handler_bare) for app_error_handler_bare
    main.o(i.ble_stack_init) refers to softdevice_handler.o(i.softdevice_enable_get_default_config) for softdevice_enable_get_default_config
    main.o(i.ble_stack_init) refers to softdevice_handler.o(i.sd_check_ram_start) for sd_check_ram_start
    main.o(i.ble_stack_init) refers to softdevice_handler.o(i.softdevice_enable) for softdevice_enable
    main.o(i.ble_stack_init) refers to softdevice_handler.o(i.softdevice_ble_evt_handler_set) for softdevice_ble_evt_handler_set
    main.o(i.ble_stack_init) refers to main.o(.constdata) for .constdata
    main.o(i.ble_stack_init) refers to main.o(.bss) for .bss
    main.o(i.ble_stack_init) refers to main.o(i.ble_evt_dispatch) for ble_evt_dispatch
    main.o(i.button_event_handler) refers to app_error.o(i.app_error_handler_bare) for app_error_handler_bare
    main.o(i.button_event_handler) refers to ble_lbs_c.o(i.ble_lbs_led_status_send) for ble_lbs_led_status_send
    main.o(i.button_event_handler) refers to nrf_log.o(i.log_uart_printf) for log_uart_printf
    main.o(i.button_event_handler) refers to main.o(.bss) for .bss
    main.o(i.db_disc_handler) refers to nrf_log.o(i.log_uart_printf) for log_uart_printf
    main.o(i.db_disc_handler) refers to ble_lbs_c.o(i.ble_lbs_on_db_disc_evt) for ble_lbs_on_db_disc_evt
    main.o(i.db_disc_handler) refers to main.o(.conststring) for .conststring
    main.o(i.db_disc_handler) refers to main.o(.bss) for .bss
    main.o(i.lbs_c_evt_handler) refers to nrf_log.o(i.log_uart_printf) for log_uart_printf
    main.o(i.lbs_c_evt_handler) refers to app_button.o(i.app_button_enable) for app_button_enable
    main.o(i.lbs_c_evt_handler) refers to app_error.o(i.app_error_handler_bare) for app_error_handler_bare
    main.o(i.lbs_c_evt_handler) refers to ble_lbs_c.o(i.ble_lbs_c_button_notif_enable) for ble_lbs_c_button_notif_enable
    main.o(i.main) refers to nrf_log.o(i.log_uart_init) for log_uart_init
    main.o(i.main) refers to app_error.o(i.app_error_handler_bare) for app_error_handler_bare
    main.o(i.main) refers to nrf_log.o(i.log_uart_printf) for log_uart_printf
    main.o(i.main) refers to app_timer.o(i.app_timer_init) for app_timer_init
    main.o(i.main) refers to app_button.o(i.app_button_init) for app_button_init
    main.o(i.main) refers to main.o(i.ble_stack_init) for ble_stack_init
    main.o(i.main) refers to ble_db_discovery.o(i.ble_db_discovery_init) for ble_db_discovery_init
    main.o(i.main) refers to ble_lbs_c.o(i.ble_lbs_c_init) for ble_lbs_c_init
    main.o(i.main) refers to main.o(i.scan_start) for scan_start
    main.o(i.main) refers to main.o(.bss) for .bss
    main.o(i.main) refers to main.o(.data) for .data
    main.o(i.main) refers to main.o(i.db_disc_handler) for db_disc_handler
    main.o(i.main) refers to main.o(i.lbs_c_evt_handler) for lbs_c_evt_handler
    main.o(i.on_adv_report) refers to main.o(i.adv_report_parse) for adv_report_parse
    main.o(i.on_adv_report) refers to strlen.o(.text) for strlen
    main.o(i.on_adv_report) refers to memcmp.o(.text) for memcmp
    main.o(i.on_adv_report) refers to main.o(.constdata) for .constdata
    main.o(i.on_ble_evt) refers to nrf_log.o(i.log_uart_printf) for log_uart_printf
    main.o(i.on_ble_evt) refers to app_button.o(i.app_button_disable) for app_button_disable
    main.o(i.on_ble_evt) refers to app_error.o(i.app_error_handler_bare) for app_error_handler_bare
    main.o(i.on_ble_evt) refers to main.o(i.scan_start) for scan_start
    main.o(i.on_ble_evt) refers to ble_conn_state.o(i.ble_conn_state_n_centrals) for ble_conn_state_n_centrals
    main.o(i.on_ble_evt) refers to ble_lbs_c.o(i.ble_lbs_c_handles_assign) for ble_lbs_c_handles_assign
    main.o(i.on_ble_evt) refers to ble_db_discovery.o(i.ble_db_discovery_start) for ble_db_discovery_start
    main.o(i.on_ble_evt) refers to main.o(i.on_adv_report) for on_adv_report
    main.o(i.on_ble_evt) refers to main.o(.bss) for .bss
    main.o(i.scan_start) refers to app_error.o(i.app_error_handler_bare) for app_error_handler_bare
[...]
    Removing app_timer.o(.revsh_text), (4 bytes).
    Removing app_timer.o(.rrx_text), (6 bytes).
    Removing app_timer.o(i.app_timer_cnt_diff_compute), (12 bytes).
    Removing app_timer.o(i.app_timer_cnt_get), (16 bytes).
    Removing app_timer.o(i.app_timer_stop_all), (72 bytes).
    Removing app_util_platform.o(.rev16_text), (4 bytes).
    Removing app_util_platform.o(.revsh_text), (4 bytes).
    Removing app_util_platform.o(.rrx_text), (6 bytes).
    Removing app_util_platform.o(i.app_util_critical_region_enter), (72 bytes).
    Removing app_util_platform.o(i.app_util_critical_region_exit), (52 bytes).
    Removing app_util_platform.o(i.app_util_disable_irq), (16 bytes).
    Removing app_util_platform.o(i.app_util_enable_irq), (20 bytes).
    Removing app_util_platform.o(.data), (4 bytes).
    Removing fstorage.o(.rev16_text), (4 bytes).
    Removing fstorage.o(.revsh_text), (4 bytes).
    Removing fstorage.o(.rrx_text), (6 bytes).
    Removing fstorage.o(i.check_config), (32 bytes).
    Removing fstorage.o(i.fs_erase), (112 bytes).
    Removing fstorage.o(i.fs_init), (136 bytes).
    Removing fstorage.o(i.fs_queued_op_count_get), (20 bytes).
    Removing fstorage.o(i.fs_store), (120 bytes).
    Removing fstorage.o(i.fs_sys_event_handler), (104 bytes).
    Removing fstorage.o(i.on_operation_success), (84 bytes).
    Removing fstorage.o(i.queue_advance), (44 bytes).
    Removing fstorage.o(i.queue_get_next_free), (56 bytes).
    Removing fstorage.o(i.queue_process), (112 bytes).
    Removing fstorage.o(i.queue_start), (28 bytes).
    Removing fstorage.o(i.send_event), (70 bytes).
    Removing fstorage.o(.bss), (88 bytes).
    Removing fstorage.o(.data), (2 bytes).
    Removing nrf_assert.o(.rev16_text), (4 bytes).
    Removing nrf_assert.o(.revsh_text), (4 bytes).
    Removing nrf_assert.o(.rrx_text), (6 bytes).
    Removing nrf_log.o(.rev16_text), (4 bytes).
    Removing nrf_log.o(.revsh_text), (4 bytes).
    Removing nrf_log.o(.rrx_text), (6 bytes).
    Removing nrf_log.o(i.log_hex), (60 bytes).
    Removing nrf_log.o(i.log_hex_char), (52 bytes).
    Removing nrf_log.o(i.log_uart_read_input), (36 bytes).
    Removing nrf_log.o(i.log_uart_write_hex), (48 bytes).
    Removing nrf_log.o(i.log_uart_write_hex_char), (40 bytes).
    Removing retarget.o(.rev16_text), (4 bytes).
    Removing retarget.o(.revsh_text), (4 bytes).
    Removing retarget.o(.rrx_text), (6 bytes).
    Removing retarget.o(i.fgetc), (18 bytes).
    Removing retarget.o(.data), (4 bytes).
    Removing sdk_mapped_flags.o(.rev16_text), (4 bytes).
    Removing sdk_mapped_flags.o(.revsh_text), (4 bytes).
    Removing sdk_mapped_flags.o(.rrx_text), (6 bytes).
    Removing sdk_mapped_flags.o(i.sdk_mapped_flags_get_by_key), (38 bytes).
    Removing segger_rtt.o(i.SEGGER_RTT_ConfigDownBuffer), (80 bytes).
    Removing segger_rtt.o(i.SEGGER_RTT_ConfigUpBuffer), (80 bytes).
    Removing segger_rtt.o(i.SEGGER_RTT_GetKey), (28 bytes).
    Removing segger_rtt.o(i.SEGGER_RTT_HasData), (24 bytes).
    Removing segger_rtt.o(i.SEGGER_RTT_HasKey), (32 bytes).
    Removing segger_rtt.o(i.SEGGER_RTT_Init), (20 bytes).
    Removing segger_rtt.o(i.SEGGER_RTT_Read), (4 bytes).
    Removing segger_rtt.o(i.SEGGER_RTT_ReadNoLock), (124 bytes).
    Removing segger_rtt.o(i.SEGGER_RTT_SetNameDownBuffer), (48 bytes).
    Removing segger_rtt.o(i.SEGGER_RTT_SetNameUpBuffer), (48 bytes).
    Removing segger_rtt.o(i.SEGGER_RTT_SetTerminal), (116 bytes).
    Removing segger_rtt.o(i.SEGGER_RTT_TerminalOut), (152 bytes).
    Removing segger_rtt.o(i.SEGGER_RTT_WaitKey), (14 bytes).
    Removing segger_rtt.o(i.SEGGER_RTT_Write), (36 bytes).
    Removing segger_rtt.o(i.SEGGER_RTT_WriteNoLock), (92 bytes).
    Removing segger_rtt.o(i.SEGGER_RTT_WriteSkipNoLock), (116 bytes).
    Removing segger_rtt.o(i.SEGGER_RTT_WriteString), (26 bytes).
    Removing segger_rtt.o(i._DoInit), (104 bytes).
    Removing segger_rtt.o(i._GetAvailWriteSpace), (22 bytes).
    Removing segger_rtt.o(i._PostTerminalSwitch), (32 bytes).
    Removing segger_rtt.o(i._WriteBlocking), (90 bytes).
    Removing segger_rtt.o(i._WriteNoCheck), (62 bytes).
    Removing segger_rtt.o(.bss), (1160 bytes).
    Removing segger_rtt.o(.data), (17 bytes).
    Removing softdevice_handler.o(.rev16_text), (4 bytes).
    Removing softdevice_handler.o(.revsh_text), (4 bytes).
    Removing softdevice_handler.o(.rrx_text), (6 bytes).
    Removing softdevice_handler.o(i.softdevice_handler_isEnabled), (12 bytes).
    Removing softdevice_handler.o(i.softdevice_handler_sd_disable), (20 bytes).
    Removing softdevice_handler.o(i.softdevice_sys_evt_handler_set), (20 bytes).
    Removing arm_startup_nrf52.o(HEAP), (0 bytes).
    Removing system_nrf52.o(.rev16_text), (4 bytes).
    Removing system_nrf52.o(.revsh_text), (4 bytes).
    Removing system_nrf52.o(.rrx_text), (6 bytes).
    Removing system_nrf52.o(i.SystemCoreClockUpdate), (16 bytes).
    Removing nrf_log.o(i.log_uart_write_string), (20 bytes).
    Removing nrf_log.o(i.log_uart_write_string_many), (30 bytes).
    Removing nrf_log.o(i.log_uart_has_input), (36 bytes).

310 unused section(s) (total 15723 bytes) removed from the image.

==============================================================================

Image Symbol Table

    Local Symbols

    Symbol Name                              Value     Ov Type        Size  Object(Section)

    ../clib/microlib/division.c              0x00000000   Number         0  uidiv.o ABSOLUTE
    ../clib/microlib/division.c              0x00000000   Number         0  uldiv.o ABSOLUTE
    ../clib/microlib/init/entry.s            0x00000000   Number         0  entry2.o ABSOLUTE
    ../clib/microlib/init/entry.s            0x00000000   Number         0  entry9a.o ABSOLUTE
    ../clib/microlib/init/entry.s            0x00000000   Number         0  entry5.o ABSOLUTE
    ../clib/microlib/init/entry.s            0x00000000   Number         0  entry8a.o ABSOLUTE
    ../clib/microlib/init/entry.s            0x00000000   Number         0  entry7a.o ABSOLUTE
    ../clib/microlib/init/entry.s            0x00000000   Number         0  entry11b.o ABSOLUTE
    ../clib/microlib/init/entry.s            0x00000000   Number         0  entry11a.o ABSOLUTE
    ../clib/microlib/init/entry.s            0x00000000   Number         0  entry10b.o ABSOLUTE
    ../clib/microlib/init/entry.s            0x00000000   Number         0  entry8b.o ABSOLUTE
    ../clib/microlib/init/entry.s            0x00000000   Number         0  entry.o ABSOLUTE
    ../clib/microlib/init/entry.s            0x00000000   Number         0  entry10a.o ABSOLUTE
    ../clib/microlib/init/entry.s            0x00000000   Number         0  entry9b.o ABSOLUTE
    ../clib/microlib/init/entry.s            0x00000000   Number         0  entry7b.o ABSOLUTE
    ../clib/microlib/longlong.c              0x00000000   Number         0  llshl.o ABSOLUTE
    ../clib/microlib/longlong.c              0x00000000   Number         0  llushr.o ABSOLUTE
    ../clib/microlib/longlong.c              0x00000000   Number         0  llsshr.o ABSOLUTE
    ../clib/microlib/printf/printf.c         0x00000000   Number         0  printfa.o ABSOLUTE
    ../clib/microlib/string/memcmp.c         0x00000000   Number         0  memcmp.o ABSOLUTE
    ../clib/microlib/string/memcpy.c         0x00000000   Number         0  memcpyb.o ABSOLUTE
    ../clib/microlib/string/memcpy.c         0x00000000   Number         0  memcpya.o ABSOLUTE
    ../clib/microlib/string/memset.c         0x00000000   Number         0  memseta.o ABSOLUTE
    ../clib/microlib/string/strcpy.c         0x00000000   Number         0  strcpy.o ABSOLUTE
    ../clib/microlib/string/strlen.c         0x00000000   Number         0  strlen.o ABSOLUTE
    ../clib/microlib/stubs.s                 0x00000000   Number         0  iusefp.o ABSOLUTE
    ../fplib/microlib/fpadd.c                0x00000000   Number         0  dadd.o ABSOLUTE
    ../fplib/microlib/fpdiv.c                0x00000000   Number         0  ddiv.o ABSOLUTE
    ../fplib/microlib/fpepilogue.c           0x00000000   Number         0  depilogue.o ABSOLUTE
    ../fplib/microlib/fpfix.c                0x00000000   Number         0  dfixul.o ABSOLUTE
    ../fplib/microlib/fpmul.c                0x00000000   Number         0  dmul.o ABSOLUTE
    ..\..\..\..\..\..\components\ble\ble_advertising\ble_advertising.c 0x00000000   Number         0  ble_advertising.o ABSOLUTE
    ..\..\..\..\..\..\components\ble\ble_db_discovery\ble_db_discovery.c 0x00000000   Number         0  ble_db_discovery.o ABSOLUTE
    ..\..\..\..\..\..\components\ble\ble_services\ble_lbs_c\ble_lbs_c.c 0x00000000   Number         0  ble_lbs_c.o ABSOLUTE
    ..\..\..\..\..\..\components\ble\common\ble_advdata.c 0x00000000   Number         0  ble_advdata.o ABSOLUTE
    ..\..\..\..\..\..\components\ble\common\ble_conn_params.c 0x00000000   Number         0  ble_conn_params.o ABSOLUTE
    ..\..\..\..\..\..\components\ble\common\ble_conn_state.c 0x00000000   Number         0  ble_conn_state.o ABSOLUTE
    ..\..\..\..\..\..\components\ble\common\ble_srv_common.c 0x00000000   Number         0  ble_srv_common.o ABSOLUTE
    ..\..\..\..\..\..\components\drivers_nrf\common\nrf_drv_common.c 0x00000000   Number         0  nrf_drv_common.o ABSOLUTE
    ..\..\..\..\..\..\components\drivers_nrf\delay\nrf_delay.c 0x00000000   Number         0  nrf_delay.o ABSOLUTE
    ..\..\..\..\..\..\components\drivers_nrf\gpiote\nrf_drv_gpiote.c 0x00000000   Number         0  nrf_drv_gpiote.o ABSOLUTE
    ..\..\..\..\..\..\components\drivers_nrf\pstorage\pstorage.c 0x00000000   Number         0  pstorage.o ABSOLUTE
    ..\..\..\..\..\..\components\drivers_nrf\uart\nrf_drv_uart.c 0x00000000   Number         0  nrf_drv_uart.o ABSOLUTE
    ..\..\..\..\..\..\components\libraries\button\app_button.c 0x00000000   Number         0  app_button.o ABSOLUTE
    ..\..\..\..\..\..\components\libraries\fifo\app_fifo.c 0x00000000   Number         0  app_fifo.o ABSOLUTE
    ..\..\..\..\..\..\components\libraries\fstorage\fstorage.c 0x00000000   Number         0  fstorage.o ABSOLUTE
    ..\..\..\..\..\..\components\libraries\timer\app_timer.c 0x00000000   Number         0  app_timer.o ABSOLUTE
    ..\..\..\..\..\..\components\libraries\trace\app_trace.c 0x00000000   Number         0  app_trace.o ABSOLUTE
    ..\..\..\..\..\..\components\libraries\uart\app_uart_fifo.c 0x00000000   Number         0  app_uart_fifo.o ABSOLUTE
    ..\..\..\..\..\..\components\libraries\uart\retarget.c 0x00000000   Number         0  retarget.o ABSOLUTE
    ..\..\..\..\..\..\components\libraries\util\app_error.c 0x00000000   Number         0  app_error.o ABSOLUTE
    ..\..\..\..\..\..\components\libraries\util\app_error_weak.c 0x00000000   Number         0  app_error_weak.o ABSOLUTE
    ..\..\..\..\..\..\components\libraries\util\app_util_platform.c 0x00000000   Number         0  app_util_platform.o ABSOLUTE
    ..\..\..\..\..\..\components\libraries\util\nrf_assert.c 0x00000000   Number         0  nrf_assert.o ABSOLUTE
    ..\..\..\..\..\..\components\libraries\util\nrf_log.c 0x00000000   Number         0  nrf_log.o ABSOLUTE
    ..\..\..\..\..\..\components\libraries\util\sdk_mapped_flags.c 0x00000000   Number         0  sdk_mapped_flags.o ABSOLUTE
    ..\..\..\..\..\..\components\softdevice\common\softdevice_handler\softdevice_handler.c 0x00000000   Number         0  softdevice_handler.o ABSOLUTE
    ..\..\..\..\..\..\external\segger_rtt\RTT_Syscalls_KEIL.c 0x00000000   Number         0  rtt_syscalls_keil.o ABSOLUTE
    ..\..\..\..\..\..\external\segger_rtt\SEGGER_RTT.c 0x00000000   Number         0  segger_rtt.o ABSOLUTE
    ..\..\..\..\..\..\external\segger_rtt\SEGGER_RTT_printf.c 0x00000000   Number         0  segger_rtt_printf.o ABSOLUTE
    ..\..\..\..\..\bsp\bsp.c                 0x00000000   Number         0  bsp.o ABSOLUTE
    ..\..\..\..\..\bsp\bsp_btn_ble.c         0x00000000   Number         0  bsp_btn_ble.o ABSOLUTE
    ..\..\..\main.c                          0x00000000   Number         0  main.o ABSOLUTE
    ..\\..\\..\\..\\..\\..\\components\\ble\\ble_advertising\\ble_advertising.c 0x00000000   Number         0  ble_advertising.o ABSOLUTE
    ..\\..\\..\\..\\..\\..\\components\\ble\\ble_db_discovery\\ble_db_discovery.c 0x00000000   Number         0  ble_db_discovery.o ABSOLUTE
    ..\\..\\..\\..\\..\\..\\components\\ble\\ble_services\\ble_lbs_c\\ble_lbs_c.c 0x00000000   Number         0  ble_lbs_c.o ABSOLUTE
    ..\\..\\..\\..\\..\\..\\components\\ble\\common\\ble_advdata.c 0x00000000   Number         0  ble_advdata.o ABSOLUTE
    ..\\..\\..\\..\\..\\..\\components\\ble\\common\\ble_conn_params.c 0x00000000   Number         0  ble_conn_params.o ABSOLUTE
    ..\\..\\..\\..\\..\\..\\components\\ble\\common\\ble_conn_state.c 0x00000000   Number         0  ble_conn_state.o ABSOLUTE
    ..\\..\\..\\..\\..\\..\\components\\ble\\common\\ble_srv_common.c 0x00000000   Number         0  ble_srv_common.o ABSOLUTE
    ..\\..\\..\\..\\..\\..\\components\\drivers_nrf\\common\\nrf_drv_common.c 0x00000000   Number         0  nrf_drv_common.o ABSOLUTE
    ..\\..\\..\\..\\..\\..\\components\\drivers_nrf\\delay\\nrf_delay.c 0x00000000   Number         0  nrf_delay.o ABSOLUTE
    ..\\..\\..\\..\\..\\..\\components\\drivers_nrf\\gpiote\\nrf_drv_gpiote.c 0x00000000   Number         0  nrf_drv_gpiote.o ABSOLUTE
    ..\\..\\..\\..\\..\\..\\components\\drivers_nrf\\pstorage\\pstorage.c 0x00000000   Number         0  pstorage.o ABSOLUTE
    ..\\..\\..\\..\\..\\..\\components\\drivers_nrf\\uart\\nrf_drv_uart.c 0x00000000   Number         0  nrf_drv_uart.o ABSOLUTE
    ..\\..\\..\\..\\..\\..\\components\\libraries\\button\\app_button.c 0x00000000   Number         0  app_button.o ABSOLUTE
    ..\\..\\..\\..\\..\\..\\components\\libraries\\fifo\\app_fifo.c 0x00000000   Number         0  app_fifo.o ABSOLUTE
    ..\\..\\..\\..\\..\\..\\components\\libraries\\fstorage\\fstorage.c 0x00000000   Number         0  fstorage.o ABSOLUTE
    ..\\..\\..\\..\\..\\..\\components\\libraries\\timer\\app_timer.c 0x00000000   Number         0  app_timer.o ABSOLUTE
    ..\\..\\..\\..\\..\\..\\components\\libraries\\uart\\app_uart_fifo.c 0x00000000   Number         0  app_uart_fifo.o ABSOLUTE
    ..\\..\\..\\..\\..\\..\\components\\libraries\\uart\\retarget.c 0x00000000   Number         0  retarget.o ABSOLUTE
    ..\\..\\..\\..\\..\\..\\components\\libraries\\util\\app_error.c 0x00000000   Number         0  app_error.o ABSOLUTE
    ..\\..\\..\\..\\..\\..\\components\\libraries\\util\\app_error_weak.c 0x00000000   Number         0  app_error_weak.o ABSOLUTE
    ..\\..\\..\\..\\..\\..\\components\\libraries\\util\\app_util_platform.c 0x00000000   Number         0  app_util_platform.o ABSOLUTE
    ..\\..\\..\\..\\..\\..\\components\\libraries\\util\\nrf_assert.c 0x00000000   Number         0  nrf_assert.o ABSOLUTE
    ..\\..\\..\\..\\..\\..\\components\\libraries\\util\\nrf_log.c 0x00000000   Number         0  nrf_log.o ABSOLUTE
    ..\\..\\..\\..\\..\\..\\components\\libraries\\util\\sdk_mapped_flags.c 0x00000000   Number         0  sdk_mapped_flags.o ABSOLUTE
    ..\\..\\..\\..\\..\\..\\components\\softdevice\\common\\softdevice_handler\\softdevice_handler.c 0x00000000   Number         0  softdevice_handler.o ABSOLUTE
    ..\\..\\..\\..\\..\\bsp\\bsp.c           0x00000000   Number         0  bsp.o ABSOLUTE
    ..\\..\\..\\..\\..\\bsp\\bsp_btn_ble.c   0x00000000   Number         0  bsp_btn_ble.o ABSOLUTE
    ..\\..\\..\\main.c                       0x00000000   Number         0  main.o ABSOLUTE
    RTE\Device\nRF52832_xxAA\arm_startup_nrf52.s 0x00000000   Number         0  arm_startup_nrf52.o ABSOLUTE
    RTE\Device\nRF52832_xxAA\system_nrf52.c  0x00000000   Number         0  system_nrf52.o ABSOLUTE
    RTE\\Device\\nRF52832_xxAA\\system_nrf52.c 0x00000000   Number         0  system_nrf52.o ABSOLUTE
    cdrcmple.s                               0x00000000   Number         0  cdrcmple.o ABSOLUTE
    dc.s                                     0x00000000   Number         0  dc.o ABSOLUTE
    handlers.s                               0x00000000   Number         0  handlers.o ABSOLUTE
    init.s                                   0x00000000   Number         0  init.o ABSOLUTE
    RESET                                    0x0001c000   Section     1024  arm_startup_nrf52.o(RESET)
    .ARM.Collect$$$$00000000                 0x0001c400   Section        0  entry.o(.ARM.Collect$$$$00000000)
    .ARM.Collect$$$$00000001                 0x0001c400   Section        4  entry2.o(.ARM.Collect$$$$00000001)
    .ARM.Collect$$$$00000004                 0x0001c404   Section        4  entry5.o(.ARM.Collect$$$$00000004)
    .ARM.Collect$$$$00000008                 0x0001c408   Section        0  entry7b.o(.ARM.Collect$$$$00000008)
    .ARM.Collect$$$$0000000A                 0x0001c408   Section        0  entry8b.o(.ARM.Collect$$$$0000000A)
    .ARM.Collect$$$$0000000B                 0x0001c408   Section        8  entry9a.o(.ARM.Collect$$$$0000000B)
    .ARM.Collect$$$$0000000D                 0x0001c410   Section        0  entry10a.o(.ARM.Collect$$$$0000000D)
    .ARM.Collect$$$$0000000F                 0x0001c410   Section        0  entry11a.o(.ARM.Collect$$$$0000000F)
    .ARM.Collect$$$$00002712                 0x0001c410   Section        4  entry2.o(.ARM.Collect$$$$00002712)
    __lit__00000000                          0x0001c410   Data           4  entry2.o(.ARM.Collect$$$$00002712)
    .emb_text                                0x0001c414   Section      118  app_timer.o(.emb_text)
    $v0                                      0x0001c414   Number         0  app_timer.o(.emb_text)
    .text                                    0x0001c48c   Section       36  arm_startup_nrf52.o(.text)
    $v0                                      0x0001c48c   Number         0  arm_startup_nrf52.o(.text)
    .text                                    0x0001c4b0   Section        0  memcpya.o(.text)
    .text                                    0x0001c4d4   Section        0  memseta.o(.text)
    .text                                    0x0001c4f8   Section        0  strlen.o(.text)
    .text                                    0x0001c506   Section        0  memcmp.o(.text)
    .text                                    0x0001c520   Section        0  uidiv.o(.text)
    .text                                    0x0001c54c   Section        0  uldiv.o(.text)
    .text                                    0x0001c5ae   Section        0  dadd.o(.text)
    .text                                    0x0001c5ae   Section        0  iusefp.o(.text)
    .text                                    0x0001c6fc   Section        0  dmul.o(.text)
    .text                                    0x0001c7e0   Section        0  ddiv.o(.text)
    .text                                    0x0001c8be   Section        0  dfixul.o(.text)
    .text                                    0x0001c8f0   Section       48  cdrcmple.o(.text)
    .text                                    0x0001c920   Section       36  init.o(.text)
    .text                                    0x0001c944   Section        0  llshl.o(.text)
    .text                                    0x0001c962   Section        0  llushr.o(.text)
    .text                                    0x0001c982   Section        0  llsshr.o(.text)
    .text                                    0x0001c9a6   Section        0  depilogue.o(.text)
    i.GPIOTE_IRQHandler                      0x0001ca60   Section        0  nrf_drv_gpiote.o(i.GPIOTE_IRQHandler)
    i.NVIC_ClearPendingIRQ                   0x0001cba8   Section        0  app_timer.o(i.NVIC_ClearPendingIRQ)
    NVIC_ClearPendingIRQ                     0x0001cba9   Thumb Code    22  app_timer.o(i.NVIC_ClearPendingIRQ)
    i.NVIC_EnableIRQ                         0x0001cbbe   Section        0  app_timer.o(i.NVIC_EnableIRQ)
    NVIC_EnableIRQ                           0x0001cbbf   Thumb Code    22  app_timer.o(i.NVIC_EnableIRQ)
    i.NVIC_SetPendingIRQ                     0x0001cbd4   Section        0  app_timer.o(i.NVIC_SetPendingIRQ)
    NVIC_SetPendingIRQ                       0x0001cbd5   Thumb Code    22  app_timer.o(i.NVIC_SetPendingIRQ)
    i.NVIC_SetPriority                       0x0001cbea   Section        0  app_timer.o(i.NVIC_SetPriority)
    NVIC_SetPriority                         0x0001cbeb   Thumb Code    32  app_timer.o(i.NVIC_SetPriority)
    i.RTC1_IRQHandler                        0x0001cc0c   Section        0  app_timer.o(i.RTC1_IRQHandler)
    i.SWI0_EGU0_IRQHandler                   0x0001cc30   Section        0  app_timer.o(i.SWI0_EGU0_IRQHandler)
    i.SWI2_EGU2_IRQHandler                   0x0001cc34   Section        0  softdevice_handler.o(i.SWI2_EGU2_IRQHandler)
    i.SystemInit                             0x0001cc58   Section        0  system_nrf52.o(i.SystemInit)
    i.UARTE0_UART0_IRQHandler                0x0001cec4   Section        0  nrf_drv_uart.o(i.UARTE0_UART0_IRQHandler)
    i.__0vprintf                             0x0001ced8   Section        0  printfa.o(i.__0vprintf)
    i.__scatterload_copy                     0x0001cee8   Section       14  handlers.o(i.__scatterload_copy)
    i.__scatterload_null                     0x0001cef6   Section        2  handlers.o(i.__scatterload_null)
    i.__scatterload_zeroinit                 0x0001cef8   Section       14  handlers.o(i.__scatterload_zeroinit)
    i._fp_digits                             0x0001cf08   Section        0  printfa.o(i._fp_digits)
    _fp_digits                               0x0001cf09   Thumb Code   366  printfa.o(i._fp_digits)
    i._printf_core                           0x0001d08c   Section        0  printfa.o(i._printf_core)
    _printf_core                             0x0001d08d   Thumb Code  1744  printfa.o(i._printf_core)
    i._printf_post_padding                   0x0001d768   Section        0  printfa.o(i._printf_post_padding)
    _printf_post_padding                     0x0001d769   Thumb Code    36  printfa.o(i._printf_post_padding)
    i._printf_pre_padding                    0x0001d78c   Section        0  printfa.o(i._printf_pre_padding)
    _printf_pre_padding                      0x0001d78d   Thumb Code    46  printfa.o(i._printf_pre_padding)
    i.adv_report_parse                       0x0001d7ba   Section        0  main.o(i.adv_report_parse)
    adv_report_parse                         0x0001d7bb   Thumb Code    46  main.o(i.adv_report_parse)
    i.app_button_disable                     0x0001d7e8   Section        0  app_button.o(i.app_button_disable)
    i.app_button_enable                      0x0001d818   Section        0  app_button.o(i.app_button_enable)
    i.app_button_init                        0x0001d83c   Section        0  app_button.o(i.app_button_init)
    i.app_error_fault_handler                0x0001d8ac   Section        0  app_error_weak.o(i.app_error_fault_handler)
    i.app_error_handler_bare                 0x0001d8d0   Section        0  app_error.o(i.app_error_handler_bare)
    i.app_fifo_get                           0x0001d8e6   Section        0  app_fifo.o(i.app_fifo_get)
    i.app_fifo_init                          0x0001d8fc   Section        0  app_fifo.o(i.app_fifo_init)
    i.app_fifo_put                           0x0001d91c   Section        0  app_fifo.o(i.app_fifo_put)
    i.app_timer_create                       0x0001d938   Section        0  app_timer.o(i.app_timer_create)
    i.app_timer_init                         0x0001d95c   Section        0  app_timer.o(i.app_timer_init)
    i.app_timer_start                        0x0001d9ec   Section        0  app_timer.o(i.app_timer_start)
    i.app_timer_stop                         0x0001da6c   Section        0  app_timer.o(i.app_timer_stop)
    i.app_uart_init                          0x0001dabc   Section        0  app_uart_fifo.o(i.app_uart_init)
    i.app_uart_put                           0x0001db60   Section        0  app_uart_fifo.o(i.app_uart_put)
    i.apply_config                           0x0001db94   Section        0  nrf_drv_uart.o(i.apply_config)
    apply_config                             0x0001db95   Thumb Code   108  nrf_drv_uart.o(i.apply_config)
    i.ble_conn_state_n_centrals              0x0001dc0c   Section        0  ble_conn_state.o(i.ble_conn_state_n_centrals)
    i.ble_conn_state_on_ble_evt              0x0001dc1c   Section        0  ble_conn_state.o(i.ble_conn_state_on_ble_evt)
    i.ble_db_discovery_evt_register          0x0001dd28   Section        0  ble_db_discovery.o(i.ble_db_discovery_evt_register)
    i.ble_db_discovery_init                  0x0001dd68   Section        0  ble_db_discovery.o(i.ble_db_discovery_init)
    i.ble_db_discovery_on_ble_evt            0x0001dd84   Section        0  ble_db_discovery.o(i.ble_db_discovery_on_ble_evt)
    i.ble_db_discovery_start                 0x0001ddd0   Section        0  ble_db_discovery.o(i.ble_db_discovery_start)
    i.ble_evt_dispatch                       0x0001de28   Section        0  main.o(i.ble_evt_dispatch)
    ble_evt_dispatch                         0x0001de29   Thumb Code    56  main.o(i.ble_evt_dispatch)
    i.ble_lbs_c_button_notif_enable          0x0001de64   Section        0  ble_lbs_c.o(i.ble_lbs_c_button_notif_enable)
    i.ble_lbs_c_handles_assign               0x0001debc   Section        0  ble_lbs_c.o(i.ble_lbs_c_handles_assign)
    i.ble_lbs_c_init                         0x0001ded4   Section        0  ble_lbs_c.o(i.ble_lbs_c_init)
    i.ble_lbs_c_on_ble_evt                   0x0001df28   Section        0  ble_lbs_c.o(i.ble_lbs_c_on_ble_evt)
    i.ble_lbs_led_status_send                0x0001df98   Section        0  ble_lbs_c.o(i.ble_lbs_led_status_send)
    i.ble_lbs_on_db_disc_evt                 0x0001dff0   Section        0  ble_lbs_c.o(i.ble_lbs_on_db_disc_evt)
    i.ble_stack_init                         0x0001e07c   Section        0  main.o(i.ble_stack_init)
    ble_stack_init                           0x0001e07d   Thumb Code    92  main.o(i.ble_stack_init)
    i.button_event_handler                   0x0001e0e8   Section        0  main.o(i.button_event_handler)
    button_event_handler                     0x0001e0e9   Thumb Code    70  main.o(i.button_event_handler)
    i.channel_free                           0x0001e150   Section        0  nrf_drv_gpiote.o(i.channel_free)
    channel_free                             0x0001e151   Thumb Code    22  nrf_drv_gpiote.o(i.channel_free)
    i.channel_port_alloc                     0x0001e16c   Section        0  nrf_drv_gpiote.o(i.channel_port_alloc)
    channel_port_alloc                       0x0001e16d   Thumb Code    66  nrf_drv_gpiote.o(i.channel_port_alloc)
    i.channel_port_get                       0x0001e1b4   Section        0  nrf_drv_gpiote.o(i.channel_port_get)
    channel_port_get                         0x0001e1b5   Thumb Code    10  nrf_drv_gpiote.o(i.channel_port_get)
    i.characteristics_discover               0x0001e1c4   Section        0  ble_db_discovery.o(i.characteristics_discover)
    characteristics_discover                 0x0001e1c5   Thumb Code    66  ble_db_discovery.o(i.characteristics_discover)
    i.compare_reg_update                     0x0001e208   Section        0  app_timer.o(i.compare_reg_update)
    compare_reg_update                       0x0001e209   Thumb Code   160  app_timer.o(i.compare_reg_update)
    i.db_disc_handler                        0x0001e2b4   Section        0  main.o(i.db_disc_handler)
    db_disc_handler                          0x0001e2b5   Thumb Code    32  main.o(i.db_disc_handler)
    i.descriptors_discover                   0x0001e2dc   Section        0  ble_db_discovery.o(i.descriptors_discover)
    descriptors_discover                     0x0001e2dd   Thumb Code   140  ble_db_discovery.o(i.descriptors_discover)
    i.detection_delay_timeout_handler        0x0001e368   Section        0  app_button.o(i.detection_delay_timeout_handler)
    detection_delay_timeout_handler          0x0001e369   Thumb Code    92  app_button.o(i.detection_delay_timeout_handler)
    i.discovery_complete_evt_trigger         0x0001e3c8   Section        0  ble_db_discovery.o(i.discovery_complete_evt_trigger)
    discovery_complete_evt_trigger           0x0001e3c9   Thumb Code   154  ble_db_discovery.o(i.discovery_complete_evt_trigger)
    i.discovery_error_evt_trigger            0x0001e46c   Section        0  ble_db_discovery.o(i.discovery_error_evt_trigger)
    discovery_error_evt_trigger              0x0001e46d   Thumb Code    52  ble_db_discovery.o(i.discovery_error_evt_trigger)
    i.elapsed_ticks_acquire                  0x0001e4a0   Section        0  app_timer.o(i.elapsed_ticks_acquire)
    elapsed_ticks_acquire                    0x0001e4a1   Thumb Code    58  app_timer.o(i.elapsed_ticks_acquire)
    i.fifo_get                               0x0001e4e0   Section        0  app_fifo.o(i.fifo_get)
    fifo_get                                 0x0001e4e1   Thumb Code    20  app_fifo.o(i.fifo_get)
    i.fifo_put                               0x0001e4f4   Section        0  app_fifo.o(i.fifo_put)
    fifo_put                                 0x0001e4f5   Thumb Code    18  app_fifo.o(i.fifo_put)
    i.fputc                                  0x0001e506   Section        0  retarget.o(i.fputc)
    i.gpiote_event_handler                   0x0001e514   Section        0  app_button.o(i.gpiote_event_handler)
    gpiote_event_handler                     0x0001e515   Thumb Code    78  app_button.o(i.gpiote_event_handler)
    i.intern_softdevice_events_execute       0x0001e56c   Section        0  softdevice_handler.o(i.intern_softdevice_events_execute)
    i.is_desc_discovery_reqd                 0x0001e5dc   Section        0  ble_db_discovery.o(i.is_desc_discovery_reqd)
    is_desc_discovery_reqd                   0x0001e5dd   Thumb Code    74  ble_db_discovery.o(i.is_desc_discovery_reqd)
    i.lbs_c_evt_handler                      0x0001e628   Section        0  main.o(i.lbs_c_evt_handler)
    lbs_c_evt_handler                        0x0001e629   Thumb Code    86  main.o(i.lbs_c_evt_handler)
    i.list_deletions_handler                 0x0001e6fc   Section        0  app_timer.o(i.list_deletions_handler)
    list_deletions_handler                   0x0001e6fd   Thumb Code   178  app_timer.o(i.list_deletions_handler)
    i.list_insertions_handler                0x0001e7b8   Section        0  app_timer.o(i.list_insertions_handler)
    list_insertions_handler                  0x0001e7b9   Thumb Code   196  app_timer.o(i.list_insertions_handler)
    i.log_uart_init                          0x0001e884   Section        0  nrf_log.o(i.log_uart_init)
    i.log_uart_printf                        0x0001e8d0   Section        0  nrf_log.o(i.log_uart_printf)
    i.main                                   0x0001e8e4   Section        0  main.o(i.main)
    i.nrf_drv_common_irq_enable              0x0001e9d4   Section        0  nrf_drv_common.o(i.nrf_drv_common_irq_enable)
    i.nrf_drv_gpiote_in_event_disable        0x0001ea0c   Section        0  nrf_drv_gpiote.o(i.nrf_drv_gpiote_in_event_disable)
    i.nrf_drv_gpiote_in_event_enable         0x0001ea54   Section        0  nrf_drv_gpiote.o(i.nrf_drv_gpiote_in_event_enable)
    i.nrf_drv_gpiote_in_init                 0x0001eaf8   Section        0  nrf_drv_gpiote.o(i.nrf_drv_gpiote_in_init)
    i.nrf_drv_gpiote_in_is_set               0x0001ebb0   Section        0  nrf_drv_gpiote.o(i.nrf_drv_gpiote_in_is_set)
    i.nrf_drv_gpiote_init                    0x0001ebc4   Section        0  nrf_drv_gpiote.o(i.nrf_drv_gpiote_init)
    i.nrf_drv_gpiote_is_init                 0x0001ec18   Section        0  nrf_drv_gpiote.o(i.nrf_drv_gpiote_is_init)
    i.nrf_drv_uart_init                      0x0001ec2c   Section        0  nrf_drv_uart.o(i.nrf_drv_uart_init)
    i.nrf_drv_uart_rx                        0x0001ecc0   Section        0  nrf_drv_uart.o(i.nrf_drv_uart_rx)
    i.nrf_drv_uart_rx_enable                 0x0001ed4c   Section        0  nrf_drv_uart.o(i.nrf_drv_uart_rx_enable)
    i.nrf_drv_uart_rx_for_uart               0x0001ed6c   Section        0  nrf_drv_uart.o(i.nrf_drv_uart_rx_for_uart)
    nrf_drv_uart_rx_for_uart                 0x0001ed6d   Thumb Code   148  nrf_drv_uart.o(i.nrf_drv_uart_rx_for_uart)
    i.nrf_drv_uart_rx_for_uarte              0x0001ee08   Section        0  nrf_drv_uart.o(i.nrf_drv_uart_rx_for_uarte)
    nrf_drv_uart_rx_for_uarte                0x0001ee09   Thumb Code   136  nrf_drv_uart.o(i.nrf_drv_uart_rx_for_uarte)
    i.nrf_drv_uart_tx                        0x0001ee98   Section        0  nrf_drv_uart.o(i.nrf_drv_uart_tx)
    i.nrf_drv_uart_tx_for_uart               0x0001ef28   Section        0  nrf_drv_uart.o(i.nrf_drv_uart_tx_for_uart)
    nrf_drv_uart_tx_for_uart                 0x0001ef29   Thumb Code   118  nrf_drv_uart.o(i.nrf_drv_uart_tx_for_uart)
    i.nrf_drv_uart_tx_in_progress            0x0001efa8   Section        0  nrf_drv_uart.o(i.nrf_drv_uart_tx_in_progress)
    i.nrf_gpio_cfg                           0x0001efb8   Section        0  nrf_drv_gpiote.o(i.nrf_gpio_cfg)
    nrf_gpio_cfg                             0x0001efb9   Thumb Code    34  nrf_drv_gpiote.o(i.nrf_gpio_cfg)
    i.nrf_gpio_cfg                           0x0001efda   Section        0  nrf_drv_uart.o(i.nrf_gpio_cfg)
    nrf_gpio_cfg                             0x0001efdb   Thumb Code    34  nrf_drv_uart.o(i.nrf_gpio_cfg)
    i.nrf_gpio_cfg_input                     0x0001effc   Section        0  nrf_drv_uart.o(i.nrf_gpio_cfg_input)
    nrf_gpio_cfg_input                       0x0001effd   Thumb Code    18  nrf_drv_uart.o(i.nrf_gpio_cfg_input)
    i.nrf_gpio_cfg_output                    0x0001f00e   Section        0  nrf_drv_uart.o(i.nrf_gpio_cfg_output)
    nrf_gpio_cfg_output                      0x0001f00f   Thumb Code    20  nrf_drv_uart.o(i.nrf_gpio_cfg_output)
    i.nrf_gpio_cfg_sense_set                 0x0001f022   Section        0  nrf_drv_gpiote.o(i.nrf_gpio_cfg_sense_set)
    nrf_gpio_cfg_sense_set                   0x0001f023   Thumb Code    28  nrf_drv_gpiote.o(i.nrf_gpio_cfg_sense_set)
    i.nrf_gpiote_event_clear                 0x0001f040   Section        0  nrf_drv_gpiote.o(i.nrf_gpiote_event_clear)
    nrf_gpiote_event_clear                   0x0001f041   Thumb Code    16  nrf_drv_gpiote.o(i.nrf_gpiote_event_clear)
    i.nrf_gpiote_event_is_set                0x0001f054   Section        0  nrf_drv_gpiote.o(i.nrf_gpiote_event_is_set)
    nrf_gpiote_event_is_set                  0x0001f055   Thumb Code    12  nrf_drv_gpiote.o(i.nrf_gpiote_event_is_set)
    i.nrf_uart_event_check                   0x0001f064   Section        0  nrf_drv_uart.o(i.nrf_uart_event_check)
    nrf_uart_event_check                     0x0001f065   Thumb Code    10  nrf_drv_uart.o(i.nrf_uart_event_check)
    i.nrf_uart_int_enable_check              0x0001f06e   Section        0  nrf_drv_uart.o(i.nrf_uart_int_enable_check)
    nrf_uart_int_enable_check                0x0001f06f   Thumb Code    12  nrf_drv_uart.o(i.nrf_uart_int_enable_check)
    i.nrf_uarte_event_check                  0x0001f07a   Section        0  nrf_drv_uart.o(i.nrf_uarte_event_check)
    nrf_uarte_event_check                    0x0001f07b   Thumb Code    10  nrf_drv_uart.o(i.nrf_uarte_event_check)
    i.on_adv_report                          0x0001f084   Section        0  main.o(i.on_adv_report)
    on_adv_report                            0x0001f085   Thumb Code    90  main.o(i.on_adv_report)
    i.on_ble_evt                             0x0001f0e4   Section        0  main.o(i.on_ble_evt)
    on_ble_evt                               0x0001f0e5   Thumb Code   226  main.o(i.on_ble_evt)
    i.on_characteristic_discovery_rsp        0x0001f23c   Section        0  ble_db_discovery.o(i.on_characteristic_discovery_rsp)
    on_characteristic_discovery_rsp          0x0001f23d   Thumb Code   262  ble_db_discovery.o(i.on_characteristic_discovery_rsp)
    i.on_descriptor_discovery_rsp            0x0001f348   Section        0  ble_db_discovery.o(i.on_descriptor_discovery_rsp)
    on_descriptor_discovery_rsp              0x0001f349   Thumb Code   196  ble_db_discovery.o(i.on_descriptor_discovery_rsp)
    i.on_primary_srv_discovery_rsp           0x0001f410   Section        0  ble_db_discovery.o(i.on_primary_srv_discovery_rsp)
    on_primary_srv_discovery_rsp             0x0001f411   Thumb Code   108  ble_db_discovery.o(i.on_primary_srv_discovery_rsp)
    i.on_srv_disc_completion                 0x0001f480   Section        0  ble_db_discovery.o(i.on_srv_disc_completion)
    on_srv_disc_completion                   0x0001f481   Thumb Code   116  ble_db_discovery.o(i.on_srv_disc_completion)
    i.pin_in_use_by_port                     0x0001f4fc   Section        0  nrf_drv_gpiote.o(i.pin_in_use_by_port)
    pin_in_use_by_port                       0x0001f4fd   Thumb Code    20  nrf_drv_gpiote.o(i.pin_in_use_by_port)
    i.pin_in_use_by_te                       0x0001f514   Section        0  nrf_drv_gpiote.o(i.pin_in_use_by_te)
    pin_in_use_by_te                         0x0001f515   Thumb Code    20  nrf_drv_gpiote.o(i.pin_in_use_by_te)
    i.registered_handler_get                 0x0001f52c   Section        0  ble_db_discovery.o(i.registered_handler_get)
    registered_handler_get                   0x0001f52d   Thumb Code    48  ble_db_discovery.o(i.registered_handler_get)
    i.rtc1_stop                              0x0001f564   Section        0  app_timer.o(i.rtc1_stop)
    rtc1_stop                                0x0001f565   Thumb Code    52  app_timer.o(i.rtc1_stop)
    i.rx_byte                                0x0001f5a0   Section        0  nrf_drv_uart.o(i.rx_byte)
    rx_byte                                  0x0001f5a1   Thumb Code    38  nrf_drv_uart.o(i.rx_byte)
    i.rx_done_event                          0x0001f5d0   Section        0  nrf_drv_uart.o(i.rx_done_event)
    rx_done_event                            0x0001f5d1   Thumb Code    26  nrf_drv_uart.o(i.rx_done_event)
    i.rx_enable                              0x0001f5f0   Section        0  nrf_drv_uart.o(i.rx_enable)
    rx_enable                                0x0001f5f1   Thumb Code    18  nrf_drv_uart.o(i.rx_enable)
    i.scan_start                             0x0001f608   Section        0  main.o(i.scan_start)
    scan_start                               0x0001f609   Thumb Code    42  main.o(i.scan_start)
    i.sd_check_ram_start                     0x0001f664   Section        0  softdevice_handler.o(i.sd_check_ram_start)
    i.sd_nvic_EnableIRQ                      0x0001f674   Section        0  softdevice_handler.o(i.sd_nvic_EnableIRQ)
    sd_nvic_EnableIRQ                        0x0001f675   Thumb Code   128  softdevice_handler.o(i.sd_nvic_EnableIRQ)
    i.sdk_mapped_flags_bulk_update_by_key    0x0001f6fc   Section        0  sdk_mapped_flags.o(i.sdk_mapped_flags_bulk_update_by_key)
    i.sdk_mapped_flags_first_key_index_get   0x0001f740   Section        0  sdk_mapped_flags.o(i.sdk_mapped_flags_first_key_index_get)
    i.sdk_mapped_flags_get_by_index          0x0001f762   Section        0  sdk_mapped_flags.o(i.sdk_mapped_flags_get_by_index)
    sdk_mapped_flags_get_by_index            0x0001f763   Thumb Code    16  sdk_mapped_flags.o(i.sdk_mapped_flags_get_by_index)
    i.sdk_mapped_flags_key_list_get          0x0001f772   Section        0  sdk_mapped_flags.o(i.sdk_mapped_flags_key_list_get)
    i.sdk_mapped_flags_n_flags_set           0x0001f7bc   Section        0  sdk_mapped_flags.o(i.sdk_mapped_flags_n_flags_set)
    i.sdk_mapped_flags_update_by_key         0x0001f7da   Section        0  sdk_mapped_flags.o(i.sdk_mapped_flags_update_by_key)
    i.softdevice_ble_evt_handler_set         0x0001f7e8   Section        0  softdevice_handler.o(i.softdevice_ble_evt_handler_set)
    i.softdevice_enable                      0x0001f7fc   Section        0  softdevice_handler.o(i.softdevice_enable)
    i.softdevice_enable_get_default_config   0x0001f810   Section        0  softdevice_handler.o(i.softdevice_enable_get_default_config)
    i.softdevice_fault_handler               0x0001f836   Section        0  softdevice_handler.o(i.softdevice_fault_handler)
    i.softdevice_handler_init                0x0001f83c   Section        0  softdevice_handler.o(i.softdevice_handler_init)
    i.timer_list_handler                     0x0001f870   Section        0  app_timer.o(i.timer_list_handler)
    timer_list_handler                       0x0001f871   Thumb Code   134  app_timer.o(i.timer_list_handler)
    i.timer_list_insert                      0x0001f8fc   Section        0  app_timer.o(i.timer_list_insert)
    timer_list_insert                        0x0001f8fd   Thumb Code    56  app_timer.o(i.timer_list_insert)
    i.timer_timeouts_check                   0x0001f938   Section        0  app_timer.o(i.timer_timeouts_check)
    timer_timeouts_check                     0x0001f939   Thumb Code   124  app_timer.o(i.timer_timeouts_check)
    i.tx_buffer_process                      0x0001f9bc   Section        0  ble_lbs_c.o(i.tx_buffer_process)
    tx_buffer_process                        0x0001f9bd   Thumb Code    62  ble_lbs_c.o(i.tx_buffer_process)
    i.tx_byte                                0x0001fa04   Section        0  nrf_drv_uart.o(i.tx_byte)
    tx_byte                                  0x0001fa05   Thumb Code    28  nrf_drv_uart.o(i.tx_byte)
    i.tx_done_event                          0x0001fa28   Section        0  nrf_drv_uart.o(i.tx_done_event)
    tx_done_event                            0x0001fa29   Thumb Code    30  nrf_drv_uart.o(i.tx_done_event)
    i.uart_error_cb                          0x0001fa4c   Section        0  nrf_log.o(i.uart_error_cb)
    i.uart_event_handler                     0x0001fa60   Section        0  app_uart_fifo.o(i.uart_event_handler)
    uart_event_handler                       0x0001fa61   Thumb Code   160  app_uart_fifo.o(i.uart_event_handler)
    i.uart_irq_handler                       0x0001fb08   Section        0  nrf_drv_uart.o(i.uart_irq_handler)
    uart_irq_handler                         0x0001fb09   Thumb Code   254  nrf_drv_uart.o(i.uart_irq_handler)
    i.uarte_irq_handler                      0x0001fc10   Section        0  nrf_drv_uart.o(i.uarte_irq_handler)
    uarte_irq_handler                        0x0001fc11   Thumb Code   206  nrf_drv_uart.o(i.uarte_irq_handler)
    i.user_id_get                            0x0001fce8   Section        0  app_timer.o(i.user_id_get)
    user_id_get                              0x0001fce9   Thumb Code    62  app_timer.o(i.user_id_get)
    i.user_op_alloc                          0x0001fd26   Section        0  app_timer.o(i.user_op_alloc)
    user_op_alloc                            0x0001fd27   Thumb Code    40  app_timer.o(i.user_op_alloc)
    .constdata                               0x0001fd50   Section       44  main.o(.constdata)
    m_connection_param                       0x0001fd54   Data           8  main.o(.constdata)
    m_target_periph_name                     0x0001fd5c   Data          14  main.o(.constdata)
    m_scan_param                             0x0001fd6c   Data          16  main.o(.constdata)
    .constdata                               0x0001fd7c   Section       16  ble_lbs_c.o(.constdata)
    .constdata                               0x0001fd8c   Section       32  app_uart_fifo.o(.constdata)
    .constdata                               0x0001fdac   Section       32  nrf_drv_uart.o(.constdata)
    m_default_config                         0x0001fdac   Data          32  nrf_drv_uart.o(.constdata)
    .constdata                               0x0001fdcc   Section        8  app_button.o(.constdata)
    m_detection_delay_timer_id               0x0001fdcc   Data           4  app_button.o(.constdata)
    .constdata                               0x0001fdd4   Section       12  nrf_log.o(.constdata)
    .conststring                             0x0001fde0   Section       71  main.o(.conststring)
    .data                                    0x20003db0   Section       12  main.o(.data)
    m_ble_lbs_c_count                        0x20003db0   Data           1  main.o(.data)
    buttons                                  0x20003db4   Data           8  main.o(.data)
    .data                                    0x20003dbc   Section       16  ble_db_discovery.o(.data)
    m_initialized                            0x20003dbc   Data           1  ble_db_discovery.o(.data)
    m_evt_handler                            0x20003dc0   Data           4  ble_db_discovery.o(.data)
    m_pending_usr_evt_index                  0x20003dc4   Data           4  ble_db_discovery.o(.data)
    m_num_of_handlers_reg                    0x20003dc8   Data           4  ble_db_discovery.o(.data)
    .data                                    0x20003dcc   Section        8  ble_lbs_c.o(.data)
    m_tx_insert_index                        0x20003dcc   Data           4  ble_lbs_c.o(.data)
    m_tx_index                               0x20003dd0   Data           4  ble_lbs_c.o(.data)
    .data                                    0x20003dd4   Section        8  app_uart_fifo.o(.data)
    tx_buffer                                0x20003dd4   Data           1  app_uart_fifo.o(.data)
    rx_buffer                                0x20003dd5   Data           1  app_uart_fifo.o(.data)
    m_event_handler                          0x20003dd8   Data           4  app_uart_fifo.o(.data)
    .data                                    0x20003ddc   Section       20  app_button.o(.data)
    m_button_count                           0x20003ddc   Data           1  app_button.o(.data)
    mp_buttons                               0x20003de0   Data           4  app_button.o(.data)
    m_detection_delay                        0x20003de4   Data           4  app_button.o(.data)
    m_pin_state                              0x20003de8   Data           4  app_button.o(.data)
    m_pin_transition                         0x20003dec   Data           4  app_button.o(.data)
    .data                                    0x20003df0   Section       32  app_timer.o(.data)
    m_user_array_size                        0x20003df0   Data           1  app_timer.o(.data)
    m_ticks_elapsed_q_read_ind               0x20003df1   Data           1  app_timer.o(.data)
    m_ticks_elapsed_q_write_ind              0x20003df2   Data           1  app_timer.o(.data)
    m_rtc1_running                           0x20003df3   Data           1  app_timer.o(.data)
    m_rtc1_reset                             0x20003df4   Data           1  app_timer.o(.data)
    mp_users                                 0x20003df8   Data           4  app_timer.o(.data)
    mp_timer_id_head                         0x20003dfc   Data           4  app_timer.o(.data)
    m_ticks_latest                           0x20003e00   Data           4  app_timer.o(.data)
    m_evt_schedule_func                      0x20003e04   Data           4  app_timer.o(.data)
    m_ticks_elapsed                          0x20003e08   Data           8  app_timer.o(.data)
    .data                                    0x20003e10   Section        7  nrf_log.o(.data)
    initialized                              0x20003e10   Data           1  nrf_log.o(.data)
    rx_buf                                   0x20003e11   Data           1  nrf_log.o(.data)
    m_uart_data                              0x20003e12   Data           1  nrf_log.o(.data)
    m_uart_has_input                         0x20003e13   Data           1  nrf_log.o(.data)
    hex_string                               0x20003e14   Data           3  nrf_log.o(.data)
    .data                                    0x20003e18   Section        4  retarget.o(.data)
    .data                                    0x20003e1c   Section       20  softdevice_handler.o(.data)
    m_softdevice_enabled                     0x20003e1c   Data           1  softdevice_handler.o(.data)
    m_ble_evt_buffer_size                    0x20003e1e   Data           2  softdevice_handler.o(.data)
    m_evt_schedule_func                      0x20003e20   Data           4  softdevice_handler.o(.data)
    mp_ble_evt_buffer                        0x20003e24   Data           4  softdevice_handler.o(.data)
    m_ble_evt_handler                        0x20003e28   Data           4  softdevice_handler.o(.data)
    m_sys_evt_handler                        0x20003e2c   Data           4  softdevice_handler.o(.data)
    .data                                    0x20003e30   Section        4  system_nrf52.o(.data)
    __tagsym$$used                           0x20003e30   Number         0  system_nrf52.o(.data)
    .bss                                     0x20003e34   Section     3936  main.o(.bss)
    BLE_EVT_BUFFER                           0x20003e34   Data          72  main.o(.bss)
    APP_TIMER_BUF                            0x20003e7c   Data         312  main.o(.bss)
    m_ble_lbs_c                              0x20003fb4   Data         128  main.o(.bss)
    m_ble_db_discovery                       0x20004034   Data        3424  main.o(.bss)
    .bss                                     0x20004d94   Section       52  ble_conn_state.o(.bss)
    m_bcs                                    0x20004d94   Data          52  ble_conn_state.o(.bss)
    .bss                                     0x20004dc8   Section      504  ble_db_discovery.o(.bss)
    m_registered_handlers                    0x20004dc8   Data          24  ble_db_discovery.o(.bss)
    m_pending_user_evts                      0x20004de0   Data         480  ble_db_discovery.o(.bss)
    .bss                                     0x20004fc0   Section      160  ble_lbs_c.o(.bss)
    m_tx_buffer                              0x20004fc0   Data         160  ble_lbs_c.o(.bss)
    .bss                                     0x20005060   Section       32  app_uart_fifo.o(.bss)
    m_rx_fifo                                0x20005060   Data          16  app_uart_fifo.o(.bss)
    m_tx_fifo                                0x20005070   Data          16  app_uart_fifo.o(.bss)
    .bss                                     0x20005080   Section       88  nrf_drv_gpiote.o(.bss)
    m_cb                                     0x20005080   Data          88  nrf_drv_gpiote.o(.bss)
    .bss                                     0x200050d8   Section       32  nrf_drv_uart.o(.bss)
    m_cb                                     0x200050d8   Data          32  nrf_drv_uart.o(.bss)
    .bss                                     0x200050f8   Section       32  app_button.o(.bss)
    m_detection_delay_timer_id_data          0x200050f8   Data          32  app_button.o(.bss)
    .bss                                     0x20005118   Section      523  nrf_log.o(.bss)
    tx_buf                                   0x20005118   Data         512  nrf_log.o(.bss)
    hex_string                               0x20005318   Data          11  nrf_log.o(.bss)
    .bss                                     0x20005324   Section       12  softdevice_handler.o(.bss)
    STACK                                    0x20005330   Section     8192  arm_startup_nrf52.o(STACK)

    Global Symbols

    Symbol Name                              Value     Ov Type        Size  Object(Section)

    BuildAttributes$$THM_ISAv4$E$P$D$K$B$S$7EM$VFPi3$EXTD16$VFPS$VFMA$PE$A:L22UL41UL21$X:L11$S22US41US21$IEEE1$IW$USESV6$~STKCKD$USESV7$~SHL$OSPACE$ROPI$EBA8$MICROLIB$REQ8$PRES8$EABIv2 0x00000000   Number         0  anon$$obj.o ABSOLUTE
    __ARM_use_no_argv                        0x00000000   Number         0  main.o ABSOLUTE
    __cpp_initialize__aeabi_                  - Undefined Weak Reference
    __cxa_finalize                            - Undefined Weak Reference
    __decompress                              - Undefined Weak Reference
    _clock_init                               - Undefined Weak Reference
    _microlib_exit                            - Undefined Weak Reference
    fs_data$$Base                             - Undefined Reference
    fs_data$$Limit                            - Undefined Reference
    __Vectors_Size                           0x00000400   Number         0  arm_startup_nrf52.o ABSOLUTE
    __Vectors                                0x0001c000   Data           4  arm_startup_nrf52.o(RESET)
    __Vectors_End                            0x0001c400   Data           0  arm_startup_nrf52.o(RESET)
    __main                                   0x0001c401   Thumb Code     0  entry.o(.ARM.Collect$$$$00000000)
    _main_stk                                0x0001c401   Thumb Code     0  entry2.o(.ARM.Collect$$$$00000001)
    _main_scatterload                        0x0001c405   Thumb Code     0  entry5.o(.ARM.Collect$$$$00000004)
    __main_after_scatterload                 0x0001c409   Thumb Code     0  entry5.o(.ARM.Collect$$$$00000004)
    _main_clock                              0x0001c409   Thumb Code     0  entry7b.o(.ARM.Collect$$$$00000008)
    _main_cpp_init                           0x0001c409   Thumb Code     0  entry8b.o(.ARM.Collect$$$$0000000A)
    _main_init                               0x0001c409   Thumb Code     0  entry9a.o(.ARM.Collect$$$$0000000B)
    __rt_final_cpp                           0x0001c411   Thumb Code     0  entry10a.o(.ARM.Collect$$$$0000000D)
    __rt_final_exit                          0x0001c411   Thumb Code     0  entry11a.o(.ARM.Collect$$$$0000000F)
    __asm___11_app_timer_c_cd27f9c3__nrf_delay_us 0x0001c415   Thumb Code   118  app_timer.o(.emb_text)
    Reset_Handler                            0x0001c48d   Thumb Code     8  arm_startup_nrf52.o(.text)
    NMI_Handler                              0x0001c495   Thumb Code     2  arm_startup_nrf52.o(.text)
    HardFault_Handler                        0x0001c497   Thumb Code     2  arm_startup_nrf52.o(.text)
    MemoryManagement_Handler                 0x0001c499   Thumb Code     2  arm_startup_nrf52.o(.text)
    BusFault_Handler                         0x0001c49b   Thumb Code     2  arm_startup_nrf52.o(.text)
    UsageFault_Handler                       0x0001c49d   Thumb Code     2  arm_startup_nrf52.o(.text)
    SVC_Handler                              0x0001c49f   Thumb Code     2  arm_startup_nrf52.o(.text)
    DebugMonitor_Handler                     0x0001c4a1   Thumb Code     2  arm_startup_nrf52.o(.text)
    PendSV_Handler                           0x0001c4a3   Thumb Code     2  arm_startup_nrf52.o(.text)
    SysTick_Handler                          0x0001c4a5   Thumb Code     2  arm_startup_nrf52.o(.text)
    CCM_AAR_IRQHandler                       0x0001c4a7   Thumb Code     0  arm_startup_nrf52.o(.text)
    COMP_LPCOMP_IRQHandler                   0x0001c4a7   Thumb Code     0  arm_startup_nrf52.o(.text)
    ECB_IRQHandler                           0x0001c4a7   Thumb Code     0  arm_startup_nrf52.o(.text)
    FPU_IRQHandler                           0x0001c4a7   Thumb Code     0  arm_startup_nrf52.o(.text)
    I2S_IRQHandler                           0x0001c4a7   Thumb Code     0  arm_startup_nrf52.o(.text)
    MWU_IRQHandler                           0x0001c4a7   Thumb Code     0  arm_startup_nrf52.o(.text)
    NFCT_IRQHandler                          0x0001c4a7   Thumb Code     0  arm_startup_nrf52.o(.text)
    PDM_IRQHandler                           0x0001c4a7   Thumb Code     0  arm_startup_nrf52.o(.text)
    POWER_CLOCK_IRQHandler                   0x0001c4a7   Thumb Code     0  arm_startup_nrf52.o(.text)
    PWM0_IRQHandler                          0x0001c4a7   Thumb Code     0  arm_startup_nrf52.o(.text)
    PWM1_IRQHandler                          0x0001c4a7   Thumb Code     0  arm_startup_nrf52.o(.text)
    PWM2_IRQHandler                          0x0001c4a7   Thumb Code     0  arm_startup_nrf52.o(.text)
    QDEC_IRQHandler                          0x0001c4a7   Thumb Code     0  arm_startup_nrf52.o(.text)
    RADIO_IRQHandler                         0x0001c4a7   Thumb Code     0  arm_startup_nrf52.o(.text)
    RNG_IRQHandler                           0x0001c4a7   Thumb Code     0  arm_startup_nrf52.o(.text)
    RTC0_IRQHandler                          0x0001c4a7   Thumb Code     0  arm_startup_nrf52.o(.text)
    RTC2_IRQHandler                          0x0001c4a7   Thumb Code     0  arm_startup_nrf52.o(.text)
    SAADC_IRQHandler                         0x0001c4a7   Thumb Code     0  arm_startup_nrf52.o(.text)
    SPIM0_SPIS0_TWIM0_TWIS0_SPI0_TWI0_IRQHandler 0x0001c4a7   Thumb Code     0  arm_startup_nrf52.o(.text)
    SPIM1_SPIS1_TWIM1_TWIS1_SPI1_TWI1_IRQHandler 0x0001c4a7   Thumb Code     0  arm_startup_nrf52.o(.text)
    SPIM2_SPIS2_SPI2_IRQHandler              0x0001c4a7   Thumb Code     0  arm_startup_nrf52.o(.text)
    SWI1_EGU1_IRQHandler                     0x0001c4a7   Thumb Code     0  arm_startup_nrf52.o(.text)
    SWI3_EGU3_IRQHandler                     0x0001c4a7   Thumb Code     0  arm_startup_nrf52.o(.text)
    SWI4_EGU4_IRQHandler                     0x0001c4a7   Thumb Code     0  arm_startup_nrf52.o(.text)
    SWI5_EGU5_IRQHandler                     0x0001c4a7   Thumb Code     0  arm_startup_nrf52.o(.text)
    TEMP_IRQHandler                          0x0001c4a7   Thumb Code     0  arm_startup_nrf52.o(.text)
    TIMER0_IRQHandler                        0x0001c4a7   Thumb Code     0  arm_startup_nrf52.o(.text)
    TIMER1_IRQHandler                        0x0001c4a7   Thumb Code     0  arm_startup_nrf52.o(.text)
    TIMER2_IRQHandler                        0x0001c4a7   Thumb Code     0  arm_startup_nrf52.o(.text)
    TIMER3_IRQHandler                        0x0001c4a7   Thumb Code     0  arm_startup_nrf52.o(.text)
    TIMER4_IRQHandler                        0x0001c4a7   Thumb Code     0  arm_startup_nrf52.o(.text)
    WDT_IRQHandler                           0x0001c4a7   Thumb Code     0  arm_startup_nrf52.o(.text)
    __aeabi_memcpy                           0x0001c4b1   Thumb Code    36  memcpya.o(.text)
    __aeabi_memcpy4                          0x0001c4b1   Thumb Code     0  memcpya.o(.text)
    __aeabi_memcpy8                          0x0001c4b1   Thumb Code     0  memcpya.o(.text)
    __aeabi_memset                           0x0001c4d5   Thumb Code    14  memseta.o(.text)
    __aeabi_memset4                          0x0001c4d5   Thumb Code     0  memseta.o(.text)
    __aeabi_memset8                          0x0001c4d5   Thumb Code     0  memseta.o(.text)
    __aeabi_memclr                           0x0001c4e3   Thumb Code     4  memseta.o(.text)
    __aeabi_memclr4                          0x0001c4e3   Thumb Code     0  memseta.o(.text)
    __aeabi_memclr8                          0x0001c4e3   Thumb Code     0  memseta.o(.text)
    _memset$wrapper                          0x0001c4e7   Thumb Code    18  memseta.o(.text)
    strlen                                   0x0001c4f9   Thumb Code    14  strlen.o(.text)
    memcmp                                   0x0001c507   Thumb Code    26  memcmp.o(.text)
    __aeabi_uidiv                            0x0001c521   Thumb Code     0  uidiv.o(.text)
    __aeabi_uidivmod                         0x0001c521   Thumb Code    44  uidiv.o(.text)
    __aeabi_uldivmod                         0x0001c54d   Thumb Code    98  uldiv.o(.text)
    __I$use$fp                               0x0001c5af   Thumb Code     0  iusefp.o(.text)
    __aeabi_dadd                             0x0001c5af   Thumb Code   322  dadd.o(.text)
    __aeabi_dsub                             0x0001c6f1   Thumb Code     6  dadd.o(.text)
    __aeabi_drsub                            0x0001c6f7   Thumb Code     6  dadd.o(.text)
    __aeabi_dmul                             0x0001c6fd   Thumb Code   228  dmul.o(.text)
    __aeabi_ddiv                             0x0001c7e1   Thumb Code   222  ddiv.o(.text)
    __aeabi_d2ulz                            0x0001c8bf   Thumb Code    48  dfixul.o(.text)
    __aeabi_cdrcmple                         0x0001c8f1   Thumb Code    48  cdrcmple.o(.text)
    __scatterload                            0x0001c921   Thumb Code    28  init.o(.text)
    __scatterload_rt2                        0x0001c921   Thumb Code     0  init.o(.text)
    __aeabi_llsl                             0x0001c945   Thumb Code    30  llshl.o(.text)
    _ll_shift_l                              0x0001c945   Thumb Code     0  llshl.o(.text)
    __aeabi_llsr                             0x0001c963   Thumb Code    32  llushr.o(.text)
    _ll_ushift_r                             0x0001c963   Thumb Code     0  llushr.o(.text)
    __aeabi_lasr                             0x0001c983   Thumb Code    36  llsshr.o(.text)
    _ll_sshift_r                             0x0001c983   Thumb Code     0  llsshr.o(.text)
    _double_round                            0x0001c9a7   Thumb Code    30  depilogue.o(.text)
    _double_epilogue                         0x0001c9c5   Thumb Code   156  depilogue.o(.text)
    GPIOTE_IRQHandler                        0x0001ca61   Thumb Code   316  nrf_drv_gpiote.o(i.GPIOTE_IRQHandler)
    RTC1_IRQHandler                          0x0001cc0d   Thumb Code    32  app_timer.o(i.RTC1_IRQHandler)
    SWI0_EGU0_IRQHandler                     0x0001cc31   Thumb Code     4  app_timer.o(i.SWI0_EGU0_IRQHandler)
    SWI2_EGU2_IRQHandler                     0x0001cc35   Thumb Code    32  softdevice_handler.o(i.SWI2_EGU2_IRQHandler)
    SystemInit                               0x0001cc59   Thumb Code   566  system_nrf52.o(i.SystemInit)
    UARTE0_UART0_IRQHandler                  0x0001cec5   Thumb Code    14  nrf_drv_uart.o(i.UARTE0_UART0_IRQHandler)
    __0vprintf                               0x0001ced9   Thumb Code     8  printfa.o(i.__0vprintf)
    __1vprintf                               0x0001ced9   Thumb Code     0  printfa.o(i.__0vprintf)
    __2vprintf                               0x0001ced9   Thumb Code     0  printfa.o(i.__0vprintf)
    __c89vprintf                             0x0001ced9   Thumb Code     0  printfa.o(i.__0vprintf)
    vprintf                                  0x0001ced9   Thumb Code     0  printfa.o(i.__0vprintf)
    __scatterload_copy                       0x0001cee9   Thumb Code    14  handlers.o(i.__scatterload_copy)
    __scatterload_null                       0x0001cef7   Thumb Code     2  handlers.o(i.__scatterload_null)
    __scatterload_zeroinit                   0x0001cef9   Thumb Code    14  handlers.o(i.__scatterload_zeroinit)
    app_button_disable                       0x0001d7e9   Thumb Code    38  app_button.o(i.app_button_disable)
    app_button_enable                        0x0001d819   Thumb Code    32  app_button.o(i.app_button_enable)
    app_button_init                          0x0001d83d   Thumb Code    96  app_button.o(i.app_button_init)
    app_error_fault_handler                  0x0001d8ad   Thumb Code    26  app_error_weak.o(i.app_error_fault_handler)
    app_error_handler_bare                   0x0001d8d1   Thumb Code    22  app_error.o(i.app_error_handler_bare)
    app_fifo_get                             0x0001d8e7   Thumb Code    22  app_fifo.o(i.app_fifo_get)
    app_fifo_init                            0x0001d8fd   Thumb Code    32  app_fifo.o(i.app_fifo_init)
    app_fifo_put                             0x0001d91d   Thumb Code    26  app_fifo.o(i.app_fifo_put)
    app_timer_create                         0x0001d939   Thumb Code    32  app_timer.o(i.app_timer_create)
    app_timer_init                           0x0001d95d   Thumb Code   134  app_timer.o(i.app_timer_init)
    app_timer_start                          0x0001d9ed   Thumb Code   118  app_timer.o(i.app_timer_start)
    app_timer_stop                           0x0001da6d   Thumb Code    76  app_timer.o(i.app_timer_stop)
    app_uart_init                            0x0001dabd   Thumb Code   146  app_uart_fifo.o(i.app_uart_init)
    app_uart_put                             0x0001db61   Thumb Code    44  app_uart_fifo.o(i.app_uart_put)
    ble_conn_state_n_centrals                0x0001dc0d   Thumb Code    12  ble_conn_state.o(i.ble_conn_state_n_centrals)
    ble_conn_state_on_ble_evt                0x0001dc1d   Thumb Code   264  ble_conn_state.o(i.ble_conn_state_on_ble_evt)
    ble_db_discovery_evt_register            0x0001dd29   Thumb Code    56  ble_db_discovery.o(i.ble_db_discovery_evt_register)
    ble_db_discovery_init                    0x0001dd69   Thumb Code    24  ble_db_discovery.o(i.ble_db_discovery_init)
    ble_db_discovery_on_ble_evt              0x0001dd85   Thumb Code    70  ble_db_discovery.o(i.ble_db_discovery_on_ble_evt)
    ble_db_discovery_start                   0x0001ddd1   Thumb Code    80  ble_db_discovery.o(i.ble_db_discovery_start)
    ble_lbs_c_button_notif_enable            0x0001de65   Thumb Code    80  ble_lbs_c.o(i.ble_lbs_c_button_notif_enable)
    ble_lbs_c_handles_assign                 0x0001debd   Thumb Code    24  ble_lbs_c.o(i.ble_lbs_c_handles_assign)
    ble_lbs_c_init                           0x0001ded5   Thumb Code    80  ble_lbs_c.o(i.ble_lbs_c_init)
    ble_lbs_c_on_ble_evt                     0x0001df29   Thumb Code   112  ble_lbs_c.o(i.ble_lbs_c_on_ble_evt)
    ble_lbs_led_status_send                  0x0001df99   Thumb Code    80  ble_lbs_c.o(i.ble_lbs_led_status_send)
    ble_lbs_on_db_disc_evt                   0x0001dff1   Thumb Code   140  ble_lbs_c.o(i.ble_lbs_on_db_disc_evt)
    fputc                                    0x0001e507   Thumb Code    14  retarget.o(i.fputc)
    intern_softdevice_events_execute         0x0001e56d   Thumb Code   106  softdevice_handler.o(i.intern_softdevice_events_execute)
    log_uart_init                            0x0001e885   Thumb Code    60  nrf_log.o(i.log_uart_init)
    log_uart_printf                          0x0001e8d1   Thumb Code    18  nrf_log.o(i.log_uart_printf)
    main                                     0x0001e8e5   Thumb Code   186  main.o(i.main)
    nrf_drv_common_irq_enable                0x0001e9d5   Thumb Code    56  nrf_drv_common.o(i.nrf_drv_common_irq_enable)
    nrf_drv_gpiote_in_event_disable          0x0001ea0d   Thumb Code    66  nrf_drv_gpiote.o(i.nrf_drv_gpiote_in_event_disable)
    nrf_drv_gpiote_in_event_enable           0x0001ea55   Thumb Code   150  nrf_drv_gpiote.o(i.nrf_drv_gpiote_in_event_enable)
    nrf_drv_gpiote_in_init                   0x0001eaf9   Thumb Code   170  nrf_drv_gpiote.o(i.nrf_drv_gpiote_in_init)
    nrf_drv_gpiote_in_is_set                 0x0001ebb1   Thumb Code    16  nrf_drv_gpiote.o(i.nrf_drv_gpiote_in_is_set)
    nrf_drv_gpiote_init                      0x0001ebc5   Thumb Code    76  nrf_drv_gpiote.o(i.nrf_drv_gpiote_init)
    nrf_drv_gpiote_is_init                   0x0001ec19   Thumb Code    14  nrf_drv_gpiote.o(i.nrf_drv_gpiote_is_init)
    nrf_drv_uart_init                        0x0001ec2d   Thumb Code   126  nrf_drv_uart.o(i.nrf_drv_uart_init)
    nrf_drv_uart_rx                          0x0001ecc1   Thumb Code   132  nrf_drv_uart.o(i.nrf_drv_uart_rx)
    nrf_drv_uart_rx_enable                   0x0001ed4d   Thumb Code    26  nrf_drv_uart.o(i.nrf_drv_uart_rx_enable)
    nrf_drv_uart_tx                          0x0001ee99   Thumb Code   134  nrf_drv_uart.o(i.nrf_drv_uart_tx)
    nrf_drv_uart_tx_in_progress              0x0001efa9   Thumb Code    12  nrf_drv_uart.o(i.nrf_drv_uart_tx_in_progress)
    sd_check_ram_start                       0x0001f665   Thumb Code    10  softdevice_handler.o(i.sd_check_ram_start)
    sdk_mapped_flags_bulk_update_by_key      0x0001f6fd   Thumb Code    68  sdk_mapped_flags.o(i.sdk_mapped_flags_bulk_update_by_key)
    sdk_mapped_flags_first_key_index_get     0x0001f741   Thumb Code    34  sdk_mapped_flags.o(i.sdk_mapped_flags_first_key_index_get)
    sdk_mapped_flags_key_list_get            0x0001f773   Thumb Code    74  sdk_mapped_flags.o(i.sdk_mapped_flags_key_list_get)
    sdk_mapped_flags_n_flags_set             0x0001f7bd   Thumb Code    30  sdk_mapped_flags.o(i.sdk_mapped_flags_n_flags_set)
    sdk_mapped_flags_update_by_key           0x0001f7db   Thumb Code    14  sdk_mapped_flags.o(i.sdk_mapped_flags_update_by_key)
    softdevice_ble_evt_handler_set           0x0001f7e9   Thumb Code    14  softdevice_handler.o(i.softdevice_ble_evt_handler_set)
    softdevice_enable                        0x0001f7fd   Thumb Code    14  softdevice_handler.o(i.softdevice_enable)
    softdevice_enable_get_default_config     0x0001f811   Thumb Code    38  softdevice_handler.o(i.softdevice_enable_get_default_config)
    softdevice_fault_handler                 0x0001f837   Thumb Code     4  softdevice_handler.o(i.softdevice_fault_handler)
    softdevice_handler_init                  0x0001f83d   Thumb Code    42  softdevice_handler.o(i.softdevice_handler_init)
    uart_error_cb                            0x0001fa4d   Thumb Code    18  nrf_log.o(i.uart_error_cb)
    Region$$Table$$Base                      0x0001fe28   Number         0  anon$$obj.o(Region$$Table)
    Region$$Table$$Limit                     0x0001fe48   Number         0  anon$$obj.o(Region$$Table)
    Image$$RW_IRAM1$$Base                    0x20003db0   Number         0  anon$$obj.o ABSOLUTE
    __stdout                                 0x20003e18   Data           4  retarget.o(.data)
    SystemCoreClock                          0x20003e30   Data           4  system_nrf52.o(.data)
    nrf_nvic_state                           0x20005324   Data          12  softdevice_handler.o(.bss)
    __initial_sp                             0x20007330   Data           0  arm_startup_nrf52.o(STACK)



==============================================================================

Memory Map of the image

  Image Entry point : 0x0001c401

  Load Region LR_IROM1 (Base: 0x0001c000, Size: 0x00003ecc, Max: 0x00064000, ABSOLUTE)

    Execution Region ER_IROM1 (Base: 0x0001c000, Size: 0x00003e48, Max: 0x00064000, ABSOLUTE)

    Base Addr    Size         Type   Attr      Idx    E Section Name        Object

    0x0001c000   0x00000400   Data   RO         2820    RESET               arm_startup_nrf52.o
    0x0001c400   0x00000000   Code   RO         2861  * .ARM.Collect$$$$00000000  mc_w.l(entry.o)
    0x0001c400   0x00000004   Code   RO         2904    .ARM.Collect$$$$00000001  mc_w.l(entry2.o)
    0x0001c404   0x00000004   Code   RO         2907    .ARM.Collect$$$$00000004  mc_w.l(entry5.o)
    0x0001c408   0x00000000   Code   RO         2909    .ARM.Collect$$$$00000008  mc_w.l(entry7b.o)
    0x0001c408   0x00000000   Code   RO         2911    .ARM.Collect$$$$0000000A  mc_w.l(entry8b.o)
    0x0001c408   0x00000008   Code   RO         2912    .ARM.Collect$$$$0000000B  mc_w.l(entry9a.o)
    0x0001c410   0x00000000   Code   RO         2914    .ARM.Collect$$$$0000000D  mc_w.l(entry10a.o)
    0x0001c410   0x00000000   Code   RO         2916    .ARM.Collect$$$$0000000F  mc_w.l(entry11a.o)
    0x0001c410   0x00000004   Code   RO         2905    .ARM.Collect$$$$00002712  mc_w.l(entry2.o)
    0x0001c414   0x00000076   Code   RO         2053    .emb_text           app_timer.o
    0x0001c48a   0x00000002   PAD
    0x0001c48c   0x00000024   Code   RO         2821    .text               arm_startup_nrf52.o
    0x0001c4b0   0x00000024   Code   RO         2864    .text               mc_w.l(memcpya.o)
    0x0001c4d4   0x00000024   Code   RO         2866    .text               mc_w.l(memseta.o)
    0x0001c4f8   0x0000000e   Code   RO         2868    .text               mc_w.l(strlen.o)
    0x0001c506   0x0000001a   Code   RO         2870    .text               mc_w.l(memcmp.o)
    0x0001c520   0x0000002c   Code   RO         2918    .text               mc_w.l(uidiv.o)
    0x0001c54c   0x00000062   Code   RO         2920    .text               mc_w.l(uldiv.o)
    0x0001c5ae   0x00000000   Code   RO         2922    .text               mc_w.l(iusefp.o)
    0x0001c5ae   0x0000014e   Code   RO         2923    .text               mf_w.l(dadd.o)
    0x0001c6fc   0x000000e4   Code   RO         2925    .text               mf_w.l(dmul.o)
    0x0001c7e0   0x000000de   Code   RO         2927    .text               mf_w.l(ddiv.o)
    0x0001c8be   0x00000030   Code   RO         2929    .text               mf_w.l(dfixul.o)
    0x0001c8ee   0x00000002   PAD
    0x0001c8f0   0x00000030   Code   RO         2931    .text               mf_w.l(cdrcmple.o)
    0x0001c920   0x00000024   Code   RO         2933    .text               mc_w.l(init.o)
    0x0001c944   0x0000001e   Code   RO         2935    .text               mc_w.l(llshl.o)
    0x0001c962   0x00000020   Code   RO         2937    .text               mc_w.l(llushr.o)
    0x0001c982   0x00000024   Code   RO         2939    .text               mc_w.l(llsshr.o)
    0x0001c9a6   0x000000ba   Code   RO         2941    .text               mf_w.l(depilogue.o)
    0x0001ca60   0x00000148   Code   RO         1207    i.GPIOTE_IRQHandler  nrf_drv_gpiote.o
    0x0001cba8   0x00000016   Code   RO         2054    i.NVIC_ClearPendingIRQ  app_timer.o
    0x0001cbbe   0x00000016   Code   RO         2055    i.NVIC_EnableIRQ    app_timer.o
    0x0001cbd4   0x00000016   Code   RO         2056    i.NVIC_SetPendingIRQ  app_timer.o
    0x0001cbea   0x00000020   Code   RO         2057    i.NVIC_SetPriority  app_timer.o
    0x0001cc0a   0x00000002   PAD
    0x0001cc0c   0x00000024   Code   RO         2058    i.RTC1_IRQHandler   app_timer.o
    0x0001cc30   0x00000004   Code   RO         2059    i.SWI0_EGU0_IRQHandler  app_timer.o
    0x0001cc34   0x00000024   Code   RO         2720    i.SWI2_EGU2_IRQHandler  softdevice_handler.o
    0x0001cc58   0x0000026c   Code   RO         2829    i.SystemInit        system_nrf52.o
    0x0001cec4   0x00000014   Code   RO         1406    i.UARTE0_UART0_IRQHandler  nrf_drv_uart.o
    0x0001ced8   0x00000010   Code   RO         2881    i.__0vprintf        mc_w.l(printfa.o)
    0x0001cee8   0x0000000e   Code   RO         2945    i.__scatterload_copy  mc_w.l(handlers.o)
    0x0001cef6   0x00000002   Code   RO         2946    i.__scatterload_null  mc_w.l(handlers.o)
    0x0001cef8   0x0000000e   Code   RO         2947    i.__scatterload_zeroinit  mc_w.l(handlers.o)
    0x0001cf06   0x00000002   PAD
    0x0001cf08   0x00000184   Code   RO         2884    i._fp_digits        mc_w.l(printfa.o)
    0x0001d08c   0x000006dc   Code   RO         2885    i._printf_core      mc_w.l(printfa.o)
    0x0001d768   0x00000024   Code   RO         2886    i._printf_post_padding  mc_w.l(printfa.o)
    0x0001d78c   0x0000002e   Code   RO         2887    i._printf_pre_padding  mc_w.l(printfa.o)
    0x0001d7ba   0x0000002e   Code   RO            4    i.adv_report_parse  main.o
    0x0001d7e8   0x00000030   Code   RO         1853    i.app_button_disable  app_button.o
    0x0001d818   0x00000024   Code   RO         1854    i.app_button_enable  app_button.o
    0x0001d83c   0x00000070   Code   RO         1855    i.app_button_init   app_button.o
    0x0001d8ac   0x00000024   Code   RO         1955    i.app_error_fault_handler  app_error_weak.o
    0x0001d8d0   0x00000016   Code   RO         1916    i.app_error_handler_bare  app_error.o
    0x0001d8e6   0x00000016   Code   RO         1984    i.app_fifo_get      app_fifo.o
    0x0001d8fc   0x00000020   Code   RO         1985    i.app_fifo_init     app_fifo.o
    0x0001d91c   0x0000001a   Code   RO         1987    i.app_fifo_put      app_fifo.o
    0x0001d936   0x00000002   PAD
    0x0001d938   0x00000024   Code   RO         2062    i.app_timer_create  app_timer.o
    0x0001d95c   0x00000090   Code   RO         2063    i.app_timer_init    app_timer.o
    0x0001d9ec   0x00000080   Code   RO         2064    i.app_timer_start   app_timer.o
    0x0001da6c   0x00000050   Code   RO         2065    i.app_timer_stop    app_timer.o
    0x0001dabc   0x000000a4   Code   RO         1059    i.app_uart_init     app_uart_fifo.o
    0x0001db60   0x00000034   Code   RO         1060    i.app_uart_put      app_uart_fifo.o
    0x0001db94   0x00000078   Code   RO         1407    i.apply_config      nrf_drv_uart.o
    0x0001dc0c   0x00000010   Code   RO          708    i.ble_conn_state_n_centrals  ble_conn_state.o
    0x0001dc1c   0x0000010c   Code   RO          711    i.ble_conn_state_on_ble_evt  ble_conn_state.o
    0x0001dd28   0x00000040   Code   RO          840    i.ble_db_discovery_evt_register  ble_db_discovery.o
    0x0001dd68   0x0000001c   Code   RO          841    i.ble_db_discovery_init  ble_db_discovery.o
    0x0001dd84   0x0000004c   Code   RO          842    i.ble_db_discovery_on_ble_evt  ble_db_discovery.o
    0x0001ddd0   0x00000058   Code   RO          843    i.ble_db_discovery_start  ble_db_discovery.o
    0x0001de28   0x0000003c   Code   RO            6    i.ble_evt_dispatch  main.o
    0x0001de64   0x00000058   Code   RO          946    i.ble_lbs_c_button_notif_enable  ble_lbs_c.o
    0x0001debc   0x00000018   Code   RO          947    i.ble_lbs_c_handles_assign  ble_lbs_c.o
    0x0001ded4   0x00000054   Code   RO          948    i.ble_lbs_c_init    ble_lbs_c.o
    0x0001df28   0x00000070   Code   RO          949    i.ble_lbs_c_on_ble_evt  ble_lbs_c.o
    0x0001df98   0x00000058   Code   RO          950    i.ble_lbs_led_status_send  ble_lbs_c.o
    0x0001dff0   0x0000008c   Code   RO          951    i.ble_lbs_on_db_disc_evt  ble_lbs_c.o
    0x0001e07c   0x0000006c   Code   RO            7    i.ble_stack_init    main.o
    0x0001e0e8   0x00000068   Code   RO            8    i.button_event_handler  main.o
    0x0001e150   0x0000001c   Code   RO         1208    i.channel_free      nrf_drv_gpiote.o
    0x0001e16c   0x00000048   Code   RO         1209    i.channel_port_alloc  nrf_drv_gpiote.o
    0x0001e1b4   0x00000010   Code   RO         1210    i.channel_port_get  nrf_drv_gpiote.o
    0x0001e1c4   0x00000042   Code   RO          844    i.characteristics_discover  ble_db_discovery.o
    0x0001e206   0x00000002   PAD
    0x0001e208   0x000000ac   Code   RO         2067    i.compare_reg_update  app_timer.o
    0x0001e2b4   0x00000028   Code   RO            9    i.db_disc_handler   main.o
    0x0001e2dc   0x0000008c   Code   RO          845    i.descriptors_discover  ble_db_discovery.o
    0x0001e368   0x00000060   Code   RO         1857    i.detection_delay_timeout_handler  app_button.o
    0x0001e3c8   0x000000a4   Code   RO          846    i.discovery_complete_evt_trigger  ble_db_discovery.o
    0x0001e46c   0x00000034   Code   RO          847    i.discovery_error_evt_trigger  ble_db_discovery.o
    0x0001e4a0   0x00000040   Code   RO         2068    i.elapsed_ticks_acquire  app_timer.o
    0x0001e4e0   0x00000014   Code   RO         1990    i.fifo_get          app_fifo.o
    0x0001e4f4   0x00000012   Code   RO         1991    i.fifo_put          app_fifo.o
    0x0001e506   0x0000000e   Code   RO         2477    i.fputc             retarget.o
    0x0001e514   0x00000058   Code   RO         1858    i.gpiote_event_handler  app_button.o
    0x0001e56c   0x00000070   Code   RO         2721    i.intern_softdevice_events_execute  softdevice_handler.o
    0x0001e5dc   0x0000004a   Code   RO          848    i.is_desc_discovery_reqd  ble_db_discovery.o
    0x0001e626   0x00000002   PAD
    0x0001e628   0x000000d4   Code   RO           10    i.lbs_c_evt_handler  main.o
    0x0001e6fc   0x000000bc   Code   RO         2069    i.list_deletions_handler  app_timer.o
    0x0001e7b8   0x000000cc   Code   RO         2070    i.list_insertions_handler  app_timer.o
    0x0001e884   0x0000004c   Code   RO         2381    i.log_uart_init     nrf_log.o
    0x0001e8d0   0x00000012   Code   RO         2382    i.log_uart_printf   nrf_log.o
    0x0001e8e2   0x00000002   PAD
    0x0001e8e4   0x000000f0   Code   RO           11    i.main              main.o
    0x0001e9d4   0x00000038   Code   RO         1169    i.nrf_drv_common_irq_enable  nrf_drv_common.o
    0x0001ea0c   0x00000048   Code   RO         1212    i.nrf_drv_gpiote_in_event_disable  nrf_drv_gpiote.o
    0x0001ea54   0x000000a4   Code   RO         1213    i.nrf_drv_gpiote_in_event_enable  nrf_drv_gpiote.o
    0x0001eaf8   0x000000b8   Code   RO         1214    i.nrf_drv_gpiote_in_init  nrf_drv_gpiote.o
    0x0001ebb0   0x00000014   Code   RO         1215    i.nrf_drv_gpiote_in_is_set  nrf_drv_gpiote.o
    0x0001ebc4   0x00000054   Code   RO         1217    i.nrf_drv_gpiote_init  nrf_drv_gpiote.o
    0x0001ec18   0x00000014   Code   RO         1218    i.nrf_drv_gpiote_is_init  nrf_drv_gpiote.o
    0x0001ec2c   0x00000094   Code   RO         1409    i.nrf_drv_uart_init  nrf_drv_uart.o
    0x0001ecc0   0x0000008c   Code   RO         1410    i.nrf_drv_uart_rx   nrf_drv_uart.o
    0x0001ed4c   0x00000020   Code   RO         1413    i.nrf_drv_uart_rx_enable  nrf_drv_uart.o
    0x0001ed6c   0x0000009c   Code   RO         1414    i.nrf_drv_uart_rx_for_uart  nrf_drv_uart.o
    0x0001ee08   0x00000090   Code   RO         1415    i.nrf_drv_uart_rx_for_uarte  nrf_drv_uart.o
    0x0001ee98   0x00000090   Code   RO         1416    i.nrf_drv_uart_tx   nrf_drv_uart.o
    0x0001ef28   0x00000080   Code   RO         1418    i.nrf_drv_uart_tx_for_uart  nrf_drv_uart.o
    0x0001efa8   0x00000010   Code   RO         1419    i.nrf_drv_uart_tx_in_progress  nrf_drv_uart.o
    0x0001efb8   0x00000022   Code   RO         1230    i.nrf_gpio_cfg      nrf_drv_gpiote.o
    0x0001efda   0x00000022   Code   RO         1421    i.nrf_gpio_cfg      nrf_drv_uart.o
    0x0001effc   0x00000012   Code   RO         1423    i.nrf_gpio_cfg_input  nrf_drv_uart.o
    0x0001f00e   0x00000014   Code   RO         1424    i.nrf_gpio_cfg_output  nrf_drv_uart.o
    0x0001f022   0x0000001c   Code   RO         1232    i.nrf_gpio_cfg_sense_set  nrf_drv_gpiote.o
    0x0001f03e   0x00000002   PAD
    0x0001f040   0x00000014   Code   RO         1233    i.nrf_gpiote_event_clear  nrf_drv_gpiote.o
    0x0001f054   0x00000010   Code   RO         1234    i.nrf_gpiote_event_is_set  nrf_drv_gpiote.o
    0x0001f064   0x0000000a   Code   RO         1425    i.nrf_uart_event_check  nrf_drv_uart.o
    0x0001f06e   0x0000000c   Code   RO         1426    i.nrf_uart_int_enable_check  nrf_drv_uart.o
    0x0001f07a   0x0000000a   Code   RO         1427    i.nrf_uarte_event_check  nrf_drv_uart.o
    0x0001f084   0x00000060   Code   RO           12    i.on_adv_report     main.o
    0x0001f0e4   0x00000158   Code   RO           13    i.on_ble_evt        main.o
    0x0001f23c   0x0000010c   Code   RO          849    i.on_characteristic_discovery_rsp  ble_db_discovery.o
    0x0001f348   0x000000c8   Code   RO          850    i.on_descriptor_discovery_rsp  ble_db_discovery.o
    0x0001f410   0x00000070   Code   RO          851    i.on_primary_srv_discovery_rsp  ble_db_discovery.o
    0x0001f480   0x0000007c   Code   RO          852    i.on_srv_disc_completion  ble_db_discovery.o
    0x0001f4fc   0x00000018   Code   RO         1235    i.pin_in_use_by_port  nrf_drv_gpiote.o
    0x0001f514   0x00000018   Code   RO         1236    i.pin_in_use_by_te  nrf_drv_gpiote.o
    0x0001f52c   0x00000038   Code   RO          853    i.registered_handler_get  ble_db_discovery.o
    0x0001f564   0x0000003c   Code   RO         2071    i.rtc1_stop         app_timer.o
    0x0001f5a0   0x00000030   Code   RO         1429    i.rx_byte           nrf_drv_uart.o
    0x0001f5d0   0x00000020   Code   RO         1430    i.rx_done_event     nrf_drv_uart.o
    0x0001f5f0   0x00000018   Code   RO         1431    i.rx_enable         nrf_drv_uart.o
    0x0001f608   0x0000005c   Code   RO           14    i.scan_start        main.o
    0x0001f664   0x00000010   Code   RO         2722    i.sd_check_ram_start  softdevice_handler.o
    0x0001f674   0x00000088   Code   RO         2723    i.sd_nvic_EnableIRQ  softdevice_handler.o
    0x0001f6fc   0x00000044   Code   RO         2514    i.sdk_mapped_flags_bulk_update_by_key  sdk_mapped_flags.o
    0x0001f740   0x00000022   Code   RO         2515    i.sdk_mapped_flags_first_key_index_get  sdk_mapped_flags.o
    0x0001f762   0x00000010   Code   RO         2516    i.sdk_mapped_flags_get_by_index  sdk_mapped_flags.o
    0x0001f772   0x0000004a   Code   RO         2518    i.sdk_mapped_flags_key_list_get  sdk_mapped_flags.o
    0x0001f7bc   0x0000001e   Code   RO         2519    i.sdk_mapped_flags_n_flags_set  sdk_mapped_flags.o
    0x0001f7da   0x0000000e   Code   RO         2520    i.sdk_mapped_flags_update_by_key  sdk_mapped_flags.o
    0x0001f7e8   0x00000014   Code   RO         2724    i.softdevice_ble_evt_handler_set  softdevice_handler.o
    0x0001f7fc   0x00000014   Code   RO         2725    i.softdevice_enable  softdevice_handler.o
    0x0001f810   0x00000026   Code   RO         2726    i.softdevice_enable_get_default_config  softdevice_handler.o
    0x0001f836   0x00000004   Code   RO         2727    i.softdevice_fault_handler  softdevice_handler.o
    0x0001f83a   0x00000002   PAD
    0x0001f83c   0x00000034   Code   RO         2728    i.softdevice_handler_init  softdevice_handler.o
    0x0001f870   0x0000008c   Code   RO         2072    i.timer_list_handler  app_timer.o
    0x0001f8fc   0x0000003c   Code   RO         2073    i.timer_list_insert  app_timer.o
    0x0001f938   0x00000084   Code   RO         2074    i.timer_timeouts_check  app_timer.o
    0x0001f9bc   0x00000048   Code   RO          952    i.tx_buffer_process  ble_lbs_c.o
    0x0001fa04   0x00000024   Code   RO         1432    i.tx_byte           nrf_drv_uart.o
    0x0001fa28   0x00000024   Code   RO         1433    i.tx_done_event     nrf_drv_uart.o
    0x0001fa4c   0x00000012   Code   RO         2386    i.uart_error_cb     nrf_log.o
    0x0001fa5e   0x00000002   PAD
    0x0001fa60   0x000000a8   Code   RO         1061    i.uart_event_handler  app_uart_fifo.o
    0x0001fb08   0x00000108   Code   RO         1434    i.uart_irq_handler  nrf_drv_uart.o
    0x0001fc10   0x000000d8   Code   RO         1435    i.uarte_irq_handler  nrf_drv_uart.o
    0x0001fce8   0x0000003e   Code   RO         2075    i.user_id_get       app_timer.o
    0x0001fd26   0x00000028   Code   RO         2076    i.user_op_alloc     app_timer.o
    0x0001fd4e   0x00000002   PAD
    0x0001fd50   0x0000002c   Data   RO           16    .constdata          main.o
    0x0001fd7c   0x00000010   Data   RO          954    .constdata          ble_lbs_c.o
    0x0001fd8c   0x00000020   Data   RO         1063    .constdata          app_uart_fifo.o
    0x0001fdac   0x00000020   Data   RO         1437    .constdata          nrf_drv_uart.o
    0x0001fdcc   0x00000008   Data   RO         1860    .constdata          app_button.o
    0x0001fdd4   0x0000000c   Data   RO         2388    .constdata          nrf_log.o
    0x0001fde0   0x00000047   Data   RO           17    .conststring        main.o
    0x0001fe27   0x00000001   PAD
    0x0001fe28   0x00000020   Data   RO         2943    Region$$Table       anon$$obj.o


    Execution Region RW_IRAM1 (Base: 0x20003db0, Size: 0x00003580, Max: 0x0000c250, ABSOLUTE)

    Base Addr    Size         Type   Attr      Idx    E Section Name        Object

    0x20003db0   0x0000000c   Data   RW           18    .data               main.o
    0x20003dbc   0x00000010   Data   RW          855    .data               ble_db_discovery.o
    0x20003dcc   0x00000008   Data   RW          955    .data               ble_lbs_c.o
    0x20003dd4   0x00000008   Data   RW         1064    .data               app_uart_fifo.o
    0x20003ddc   0x00000014   Data   RW         1861    .data               app_button.o
    0x20003df0   0x00000020   Data   RW         2077    .data               app_timer.o
    0x20003e10   0x00000007   Data   RW         2389    .data               nrf_log.o
    0x20003e17   0x00000001   PAD
    0x20003e18   0x00000004   Data   RW         2478    .data               retarget.o
    0x20003e1c   0x00000014   Data   RW         2733    .data               softdevice_handler.o
    0x20003e30   0x00000004   Data   RW         2830    .data               system_nrf52.o
    0x20003e34   0x00000f60   Zero   RW           15    .bss                main.o
    0x20004d94   0x00000034   Zero   RW          721    .bss                ble_conn_state.o
    0x20004dc8   0x000001f8   Zero   RW          854    .bss                ble_db_discovery.o
    0x20004fc0   0x000000a0   Zero   RW          953    .bss                ble_lbs_c.o
    0x20005060   0x00000020   Zero   RW         1062    .bss                app_uart_fifo.o
    0x20005080   0x00000058   Zero   RW         1237    .bss                nrf_drv_gpiote.o
    0x200050d8   0x00000020   Zero   RW         1436    .bss                nrf_drv_uart.o
    0x200050f8   0x00000020   Zero   RW         1859    .bss                app_button.o
    0x20005118   0x0000020b   Zero   RW         2387    .bss                nrf_log.o
    0x20005323   0x00000001   PAD
    0x20005324   0x0000000c   Zero   RW         2732    .bss                softdevice_handler.o
    0x20005330   0x00002000   Zero   RW         2818    STACK               arm_startup_nrf52.o


==============================================================================

Image component sizes


      Code (inc. data)   RO Data    RW Data    ZI Data      Debug   Object Name

       380         44          8         20         32      10811   app_button.o
        22          0          0          0          0       2281   app_error.o
        36         10          0          0          0      27365   app_error_weak.o
       118          0          0          0          0       4538   app_fifo.o
      1766         94          0         32          0      55923   app_timer.o
       384         34         32          8         32       9907   app_uart_fifo.o
        36          8       1024          0       8192        944   arm_startup_nrf52.o
       284          8          0          0         52       3991   ble_conn_state.o
      1512         66          0         16        504      16179   ble_db_discovery.o
       608         30         16          8        160       8406   ble_lbs_c.o
         0          0          0          0          0       4128   bsp.o
      1342        416        115         12       3936     103471   main.o
        56          0          0          0          0      28891   nrf_drv_common.o
      1134         98          0          0         88      25638   nrf_drv_gpiote.o
      1808        150         32          0         32      36829   nrf_drv_uart.o
       112         16         12          7        523       5551   nrf_log.o
         0          0          0          0          0       3328   pstorage.o
        14          0          0          4          0       2894   retarget.o
       236          0          0          0          0       6357   sdk_mapped_flags.o
       434         46          0         20         12      39500   softdevice_handler.o
       620         54          0          4          0       2639   system_nrf52.o

    ----------------------------------------------------------------------
     10922       1074       1272        132      13564     399571   Object Totals
         0          0         32          0          0          0   (incl. Generated)
        20          0          1          1          1          0   (incl. Padding)

    ----------------------------------------------------------------------

      Code (inc. data)   RO Data    RW Data    ZI Data      Debug   Library Member Name

         0          0          0          0          0          0   entry.o
         0          0          0          0          0          0   entry10a.o
         0          0          0          0          0          0   entry11a.o
         8          4          0          0          0          0   entry2.o
         4          0          0          0          0          0   entry5.o
         0          0          0          0          0          0   entry7b.o
         0          0          0          0          0          0   entry8b.o
         8          4          0          0          0          0   entry9a.o
        30          0          0          0          0          0   handlers.o
        36          8          0          0          0         68   init.o
         0          0          0          0          0          0   iusefp.o
        30          0          0          0          0         68   llshl.o
        36          0          0          0          0         68   llsshr.o
        32          0          0          0          0         68   llushr.o
        26          0          0          0          0         80   memcmp.o
        36          0          0          0          0         68   memcpya.o
        36          0          0          0          0        108   memseta.o
      2242         88          0          0          0        436   printfa.o
        14          0          0          0          0         68   strlen.o
        44          0          0          0          0         80   uidiv.o
        98          0          0          0          0         92   uldiv.o
        48          0          0          0          0         68   cdrcmple.o
       334          0          0          0          0        148   dadd.o
       222          0          0          0          0        100   ddiv.o
       186          0          0          0          0        176   depilogue.o
        48          0          0          0          0         68   dfixul.o
       228          0          0          0          0         96   dmul.o

    ----------------------------------------------------------------------
      3750        104          0          0          0       1860   Library Totals
         4          0          0          0          0          0   (incl. Padding)

    ----------------------------------------------------------------------

      Code (inc. data)   RO Data    RW Data    ZI Data      Debug   Library Name

      2680        104          0          0          0       1204   mc_w.l
      1066          0          0          0          0        656   mf_w.l

    ----------------------------------------------------------------------
      3750        104          0          0          0       1860   Library Totals

    ----------------------------------------------------------------------

==============================================================================


      Code (inc. data)   RO Data    RW Data    ZI Data      Debug   

     14672       1178       1272        132      13564     388499   Grand Totals
     14672       1178       1272        132      13564     388499   ELF Image Totals
     14672       1178       1272        132          0          0   ROM Totals

==============================================================================

    Total RO  Size (Code + RO Data)                15944 (  15.57kB)
    Total RW  Size (RW Data + ZI Data)             13696 (  13.38kB)
    Total ROM Size (Code + RO Data + RW Data)      16076 (  15.70kB)

==============================================================================

